18:11:30 **** Incremental Build of configuration Debug for project lab1_part2 ****
make pre-build main-build 
a9-linaro-pre-build-step
 
make: Nothing to be done for 'main-build'.
18:12:04 **** Incremental Build of configuration Debug for project lab1_part2 ****
make pre-build main-build 
a9-linaro-pre-build-step
 
make: Nothing to be done for 'main-build'.
18:13:24 **** Incremental Build of configuration Debug for project lab1_part2 ****
make pre-build main-build 
a9-linaro-pre-build-step
 
make: Nothing to be done for 'main-build'.
18:14:06 **** Auto Build of configuration Debug for project lab1_part2 ****
make pre-build main-build 
a9-linaro-pre-build-step
 
Building file: ../src/interruptions.c
Invoking: ARM v7 gcc compiler
arm-none-eabi-gcc -Wall -O0 -g3 -c -fmessage-length=0 -MT"src/interruptions.o" -mcpu=cortex-a9 -mfpu=vfpv3 -mfloat-abi=hard -I../../ucos_bsp_0/ps7_cortexa9_0/include -MMD -MP -MF"src/interruptions.d" -MT"src/interruptions.o" -o "src/interruptions.o" "../src/interruptions.c"
../src/interruptions.c: In function 'connect_fit_timer_irq0':
../src/interruptions.c:72:48: warning: passing argument 3 of 'XIntc_Connect' from incompatible pointer type [-Wincompatible-pointer-types]
  status = XIntc_Connect(&axi_intc, FIT_IRQ_ID, fit_timer_isr, NULL);
                                                ^~~~~~~~~~~~~
In file included from ../src/routeur.h:36:0,
                 from ../src/interrupts.h:9,
                 from ../src/interruptions.c:8:
../../ucos_bsp_0/ps7_cortexa9_0/include/xintc.h:339:5: note: expected 'XInterruptHandler {aka void (*)(void *)}' but argument is of type 'void (*)(void *, CPU_INT32U) {aka void (*)(void *, unsigned int)}'
 int XIntc_Connect(XIntc * InstancePtr, u8 Id,
     ^~~~~~~~~~~~~
../src/interruptions.c: In function 'connect_gpio_irq0':
../src/interruptions.c:85:60: warning: passing argument 3 of 'XIntc_Connect' from incompatible pointer type [-Wincompatible-pointer-types]
  int status = XIntc_Connect(&axi_intc, GPIO_BUTTON_IRQ_ID, gpio_isr0, &gpButton);
                                                            ^~~~~~~~~
In file included from ../src/routeur.h:36:0,
                 from ../src/interrupts.h:9,
                 from ../src/interruptions.c:8:
../../ucos_bsp_0/ps7_cortexa9_0/include/xintc.h:339:5: note: expected 'XInterruptHandler {aka void (*)(void *)}' but argument is of type 'void (*)(void *, CPU_INT32U) {aka void (*)(void *, unsigned int)}'
 int XIntc_Connect(XIntc * InstancePtr, u8 Id,
     ^~~~~~~~~~~~~
../src/interruptions.c: In function 'connect_gpio_irq1':
../src/interruptions.c:94:60: warning: passing argument 3 of 'XIntc_Connect' from incompatible pointer type [-Wincompatible-pointer-types]
  int status = XIntc_Connect(&axi_intc, GPIO_SWITCH_IRQ_ID, gpio_isr1, &gpSwitch);
                                                            ^~~~~~~~~
In file included from ../src/routeur.h:36:0,
                 from ../src/interrupts.h:9,
                 from ../src/interruptions.c:8:
../../ucos_bsp_0/ps7_cortexa9_0/include/xintc.h:339:5: note: expected 'XInterruptHandler {aka void (*)(void *)}' but argument is of type 'void (*)(void *, CPU_INT32U) {aka void (*)(void *, unsigned int)}'
 int XIntc_Connect(XIntc * InstancePtr, u8 Id,
     ^~~~~~~~~~~~~
In file included from ../src/interrupts.h:9:0,
                 from ../src/interruptions.c:8:
At top level:
../src/routeur.h:159:15: warning: 'StartupTaskTCB' defined but not used [-Wunused-variable]
 static OS_TCB StartupTaskTCB;
               ^~~~~~~~~~~~~~
../src/routeur.h:158:15: warning: 'TaskStopTCB' defined but not used [-Wunused-variable]
 static OS_TCB TaskStopTCB;
               ^~~~~~~~~~~
../src/routeur.h:157:15: warning: 'TaskResetTCB' defined but not used [-Wunused-variable]
 static OS_TCB TaskResetTCB;
               ^~~~~~~~~~~~
../src/routeur.h:156:15: warning: 'TaskOutputPortTCB' defined but not used [-Wunused-variable]
 static OS_TCB TaskOutputPortTCB[NB_OUTPUT_PORTS];
               ^~~~~~~~~~~~~~~~~
../src/routeur.h:155:15: warning: 'TaskComputingTCB' defined but not used [-Wunused-variable]
 static OS_TCB TaskComputingTCB[NB_FIFO];
               ^~~~~~~~~~~~~~~~
../src/routeur.h:154:15: warning: 'TaskQueueingTCB' defined but not used [-Wunused-variable]
 static OS_TCB TaskQueueingTCB;
               ^~~~~~~~~~~~~~~
../src/routeur.h:153:15: warning: 'TaskStatsTCB' defined but not used [-Wunused-variable]
 static OS_TCB TaskStatsTCB;
               ^~~~~~~~~~~~
../src/routeur.h:152:15: warning: 'TaskGenerateTCB' defined but not used [-Wunused-variable]
 static OS_TCB TaskGenerateTCB;
               ^~~~~~~~~~~~~~~
../src/routeur.h:148:16: warning: 'StartupTaskStk' defined but not used [-Wunused-variable]
 static CPU_STK StartupTaskStk[TASK_STK_SIZE];
                ^~~~~~~~~~~~~~
../src/routeur.h:147:16: warning: 'TaskStopSTK' defined but not used [-Wunused-variable]
 static CPU_STK TaskStopSTK[TASK_STK_SIZE];
                ^~~~~~~~~~~
../src/routeur.h:146:16: warning: 'TaskResetSTK' defined but not used [-Wunused-variable]
 static CPU_STK TaskResetSTK[TASK_STK_SIZE];
                ^~~~~~~~~~~~
../src/routeur.h:145:16: warning: 'TaskStatsSTK' defined but not used [-Wunused-variable]
 static CPU_STK TaskStatsSTK[TASK_STK_SIZE];
                ^~~~~~~~~~~~
../src/routeur.h:144:16: warning: 'TaskOutputPortSTK' defined but not used [-Wunused-variable]
 static CPU_STK TaskOutputPortSTK[NB_OUTPUT_PORTS][TASK_STK_SIZE];
                ^~~~~~~~~~~~~~~~~
../src/routeur.h:143:16: warning: 'TaskComputingSTK' defined but not used [-Wunused-variable]
 static CPU_STK TaskComputingSTK[NB_FIFO][TASK_STK_SIZE];
                ^~~~~~~~~~~~~~~~
../src/routeur.h:142:16: warning: 'TaskQueueingSTK' defined but not used [-Wunused-variable]
 static CPU_STK TaskQueueingSTK[TASK_STK_SIZE];
                ^~~~~~~~~~~~~~~
../src/routeur.h:141:16: warning: 'TaskGenerateSTK' defined but not used [-Wunused-variable]
 static CPU_STK TaskGenerateSTK[TASK_STK_SIZE];
                ^~~~~~~~~~~~~~~
Finished building: ../src/interruptions.c
 
Building target: lab1_part2.elf
Invoking: ARM v7 gcc linker
arm-none-eabi-gcc -mcpu=cortex-a9 -mfpu=vfpv3 -mfloat-abi=hard -Wl,-build-id=none -specs=Xilinx.spec -Wl,-T -Wl,../src/lscript.ld -L../../ucos_bsp_0/ps7_cortexa9_0/lib -o "lab1_part2.elf" ./src/Ajout_d_une_fonction_juste_avant_Task_Generate.o ./src/Ajout_de_code_dans_StartUpTask.o ./src/Mise_a_jour_dans_TaskStats.o ./src/interruptions.o ./src/routeur.o   -Wl,--start-group,-lucos,-lgcc,-lc,--end-group -Wl,--start-group,-lxil,-lgcc,-lc,--end-group
./src/interruptions.o: In function `connect_fit_timer_irq0':
/home/beny/Desktop/universite/session5/INF3610/labs/project_2/project_2.sdk/lab1_part2/Debug/../src/interruptions.c:72: undefined reference to `fit_timer_isr'
/home/beny/Desktop/universite/session5/INF3610/labs/project_2/project_2.sdk/lab1_part2/Debug/../src/interruptions.c:72: undefined reference to `fit_timer_isr'
./src/interruptions.o: In function `connect_gpio_irq0':
/home/beny/Desktop/universite/session5/INF3610/labs/project_2/project_2.sdk/lab1_part2/Debug/../src/interruptions.c:85: undefined reference to `gpio_isr0'
/home/beny/Desktop/universite/session5/INF3610/labs/project_2/project_2.sdk/lab1_part2/Debug/../src/interruptions.c:85: undefined reference to `gpio_isr0'
./src/interruptions.o: In function `connect_gpio_irq1':
/home/beny/Desktop/universite/session5/INF3610/labs/project_2/project_2.sdk/lab1_part2/Debug/../src/interruptions.c:94: undefined reference to `gpio_isr1'
/home/beny/Desktop/universite/session5/INF3610/labs/project_2/project_2.sdk/lab1_part2/Debug/../src/interruptions.c:94: undefined reference to `gpio_isr1'
collect2: error: ld returned 1 exit status
make: *** [makefile:41: lab1_part2.elf] Error 1
18:15:24 **** Auto Build of configuration Debug for project lab1_part2 ****
make pre-build main-build 
a9-linaro-pre-build-step
 
Building file: ../src/routeur.c
Invoking: ARM v7 gcc compiler
arm-none-eabi-gcc -Wall -O0 -g3 -c -fmessage-length=0 -MT"src/routeur.o" -mcpu=cortex-a9 -mfpu=vfpv3 -mfloat-abi=hard -I../../ucos_bsp_0/ps7_cortexa9_0/include -MMD -MP -MF"src/routeur.d" -MT"src/routeur.o" -o "src/routeur.o" "../src/routeur.c"
../src/routeur.c: In function 'create_tasks':
../src/routeur.c:124:6: warning: unused variable 'i' [-Wunused-variable]
  int i;
      ^
../src/routeur.c: In function 'create_events':
../src/routeur.c:135:6: warning: unused variable 'i' [-Wunused-variable]
  int i;
      ^
../src/routeur.c: In function 'gpio_isr0':
../src/routeur.c:243:12: warning: unused variable 'ts' [-Wunused-variable]
     CPU_TS ts;
            ^~
../src/routeur.c: In function 'TaskGenerate':
../src/routeur.c:308:6: warning: unused variable 'nb_rafales' [-Wunused-variable]
  int nb_rafales = 0;
      ^~~~~~~~~~
../src/routeur.c:305:14: warning: unused variable 'perr' [-Wunused-variable]
  OS_ERR err, perr;
              ^~~~
../src/routeur.c: In function 'TaskReset':
../src/routeur.c:400:12: warning: variable 'flags' set but not used [-Wunused-but-set-variable]
  OS_FLAGS  flags;
            ^~~~~
../src/routeur.c:399:6: warning: unused variable 'i' [-Wunused-variable]
  int i;
      ^
../src/routeur.c:397:9: warning: unused variable 'ts' [-Wunused-variable]
  CPU_TS ts;
         ^~
../src/routeur.c: In function 'TaskStop':
../src/routeur.c:414:12: warning: variable 'flags' set but not used [-Wunused-but-set-variable]
  OS_FLAGS  flags;
            ^~~~~
../src/routeur.c: In function 'computeCRC':
../src/routeur.c:441:9: warning: unused variable 'err' [-Wunused-variable]
  OS_ERR err;
         ^~~
../src/routeur.c:439:15: warning: unused variable 'Nb_of_ticks_in_CRC_init' [-Wunused-variable]
  unsigned int Nb_of_ticks_in_CRC_init = 0;
               ^~~~~~~~~~~~~~~~~~~~~~~
../src/routeur.c:438:15: warning: unused variable 'nb_calls' [-Wunused-variable]
  unsigned int nb_calls = 0;
               ^~~~~~~~
../src/routeur.c: In function 'TaskQueueing':
../src/routeur.c:484:10: warning: unused variable 'actualticks' [-Wunused-variable]
  OS_TICK actualticks = 0;
          ^~~~~~~~~~~
../src/routeur.c:480:14: warning: unused variable 'perr' [-Wunused-variable]
  OS_ERR err, perr;
              ^~~~
../src/routeur.c: In function 'TaskComputing':
../src/routeur.c:571:8: warning: unused variable 'nombre' [-Wunused-variable]
  float nombre;
        ^~~~~~
../src/routeur.c:569:12: warning: unused variable 'info' [-Wunused-variable]
  Info_FIFO info = *(Info_FIFO*)pdata;
            ^~~~
../src/routeur.c: In function 'TaskOutputPort':
../src/routeur.c:762:12: warning: unused variable 'info' [-Wunused-variable]
  Info_Port info = *(Info_Port*)data;
            ^~~~
../src/routeur.c:758:14: warning: unused variable 'perr' [-Wunused-variable]
  OS_ERR err, perr;
              ^~~~
../src/routeur.c: In function 'TaskStats':
../src/routeur.c:800:14: warning: unused variable 'msg_size' [-Wunused-variable]
  OS_MSG_SIZE msg_size;
              ^~~~~~~~
../src/routeur.c:799:10: warning: unused variable 'packet' [-Wunused-variable]
  Packet* packet = NULL;
          ^~~~~~
../src/routeur.c:798:10: warning: unused variable 'actualticks' [-Wunused-variable]
  OS_TICK actualticks;
          ^~~~~~~~~~~
../src/routeur.c:796:14: warning: unused variable 'perr' [-Wunused-variable]
  OS_ERR err, perr;
              ^~~~
../src/routeur.c: In function 'StartupTask':
../src/routeur.c:1047:37: warning: passing argument 1 of 'CPU_TS_TmrFreqGet' from incompatible pointer type [-Wincompatible-pointer-types]
         freq_hz = CPU_TS_TmrFreqGet(&err);  /* Get CPU timestamp timer frequency. */
                                     ^
In file included from ../../ucos_bsp_0/ps7_cortexa9_0/include/lib_mem.h:106:0,
                 from ../src/routeur.h:13,
                 from ../src/routeur.c:17:
../../ucos_bsp_0/ps7_cortexa9_0/include/cpu_core.h:556:18: note: expected 'CPU_ERR * {aka enum cpu_err *}' but argument is of type 'OS_ERR * {aka enum os_err *}'
 CPU_TS_TMR_FREQ  CPU_TS_TmrFreqGet        (CPU_ERR          *p_err);
                  ^~~~~~~~~~~~~~~~~
../src/routeur.c:1059:33: warning: passing argument 1 of 'CPU_TS_TmrFreqGet' from incompatible pointer type [-Wincompatible-pointer-types]
     freq_hz = CPU_TS_TmrFreqGet(&err);  /* Get CPU timestamp timer frequency. */
                                 ^
In file included from ../../ucos_bsp_0/ps7_cortexa9_0/include/lib_mem.h:106:0,
                 from ../src/routeur.h:13,
                 from ../src/routeur.c:17:
../../ucos_bsp_0/ps7_cortexa9_0/include/cpu_core.h:556:18: note: expected 'CPU_ERR * {aka enum cpu_err *}' but argument is of type 'OS_ERR * {aka enum os_err *}'
 CPU_TS_TMR_FREQ  CPU_TS_TmrFreqGet        (CPU_ERR          *p_err);
                  ^~~~~~~~~~~~~~~~~
Finished building: ../src/routeur.c
 
Building target: lab1_part2.elf
Invoking: ARM v7 gcc linker
arm-none-eabi-gcc -mcpu=cortex-a9 -mfpu=vfpv3 -mfloat-abi=hard -Wl,-build-id=none -specs=Xilinx.spec -Wl,-T -Wl,../src/lscript.ld -L../../ucos_bsp_0/ps7_cortexa9_0/lib -o "lab1_part2.elf" ./src/Ajout_d_une_fonction_juste_avant_Task_Generate.o ./src/Ajout_de_code_dans_StartUpTask.o ./src/Mise_a_jour_dans_TaskStats.o ./src/interruptions.o ./src/routeur.o   -Wl,--start-group,-lucos,-lgcc,-lc,--end-group -Wl,--start-group,-lxil,-lgcc,-lc,--end-group
Finished building target: lab1_part2.elf
 
Invoking: ARM v7 Print Size
arm-none-eabi-size lab1_part2.elf  |tee "lab1_part2.elf.size"
   text	   data	    bss	    dec	    hex	filename
 139828	   2670	3701888	3844386	 3aa922	lab1_part2.elf
Finished building: lab1_part2.elf.size
 
18:15:31 **** Auto Build of configuration Debug for project lab1_part2 ****
make pre-build main-build 
a9-linaro-pre-build-step
 
Building file: ../src/routeur.c
Invoking: ARM v7 gcc compiler
arm-none-eabi-gcc -Wall -O0 -g3 -c -fmessage-length=0 -MT"src/routeur.o" -mcpu=cortex-a9 -mfpu=vfpv3 -mfloat-abi=hard -I../../ucos_bsp_0/ps7_cortexa9_0/include -MMD -MP -MF"src/routeur.d" -MT"src/routeur.o" -o "src/routeur.o" "../src/routeur.c"
../src/routeur.c: In function 'create_tasks':
../src/routeur.c:124:6: warning: unused variable 'i' [-Wunused-variable]
  int i;
      ^
../src/routeur.c: In function 'create_events':
../src/routeur.c:135:6: warning: unused variable 'i' [-Wunused-variable]
  int i;
      ^
../src/routeur.c: In function 'TaskGenerate':
../src/routeur.c:269:6: warning: unused variable 'nb_rafales' [-Wunused-variable]
  int nb_rafales = 0;
      ^~~~~~~~~~
../src/routeur.c:266:14: warning: unused variable 'perr' [-Wunused-variable]
  OS_ERR err, perr;
              ^~~~
../src/routeur.c: In function 'TaskReset':
../src/routeur.c:361:12: warning: variable 'flags' set but not used [-Wunused-but-set-variable]
  OS_FLAGS  flags;
            ^~~~~
../src/routeur.c:360:6: warning: unused variable 'i' [-Wunused-variable]
  int i;
      ^
../src/routeur.c:358:9: warning: unused variable 'ts' [-Wunused-variable]
  CPU_TS ts;
         ^~
../src/routeur.c: In function 'TaskStop':
../src/routeur.c:375:12: warning: variable 'flags' set but not used [-Wunused-but-set-variable]
  OS_FLAGS  flags;
            ^~~~~
../src/routeur.c: In function 'computeCRC':
../src/routeur.c:402:9: warning: unused variable 'err' [-Wunused-variable]
  OS_ERR err;
         ^~~
../src/routeur.c:400:15: warning: unused variable 'Nb_of_ticks_in_CRC_init' [-Wunused-variable]
  unsigned int Nb_of_ticks_in_CRC_init = 0;
               ^~~~~~~~~~~~~~~~~~~~~~~
../src/routeur.c:399:15: warning: unused variable 'nb_calls' [-Wunused-variable]
  unsigned int nb_calls = 0;
               ^~~~~~~~
../src/routeur.c: In function 'TaskQueueing':
../src/routeur.c:445:10: warning: unused variable 'actualticks' [-Wunused-variable]
  OS_TICK actualticks = 0;
          ^~~~~~~~~~~
../src/routeur.c:441:14: warning: unused variable 'perr' [-Wunused-variable]
  OS_ERR err, perr;
              ^~~~
../src/routeur.c: In function 'TaskComputing':
../src/routeur.c:532:8: warning: unused variable 'nombre' [-Wunused-variable]
  float nombre;
        ^~~~~~
../src/routeur.c:530:12: warning: unused variable 'info' [-Wunused-variable]
  Info_FIFO info = *(Info_FIFO*)pdata;
            ^~~~
../src/routeur.c: In function 'TaskOutputPort':
../src/routeur.c:723:12: warning: unused variable 'info' [-Wunused-variable]
  Info_Port info = *(Info_Port*)data;
            ^~~~
../src/routeur.c:719:14: warning: unused variable 'perr' [-Wunused-variable]
  OS_ERR err, perr;
              ^~~~
../src/routeur.c: In function 'TaskStats':
../src/routeur.c:761:14: warning: unused variable 'msg_size' [-Wunused-variable]
  OS_MSG_SIZE msg_size;
              ^~~~~~~~
../src/routeur.c:760:10: warning: unused variable 'packet' [-Wunused-variable]
  Packet* packet = NULL;
          ^~~~~~
../src/routeur.c:759:10: warning: unused variable 'actualticks' [-Wunused-variable]
  OS_TICK actualticks;
          ^~~~~~~~~~~
../src/routeur.c:757:14: warning: unused variable 'perr' [-Wunused-variable]
  OS_ERR err, perr;
              ^~~~
../src/routeur.c: In function 'StartupTask':
../src/routeur.c:1008:37: warning: passing argument 1 of 'CPU_TS_TmrFreqGet' from incompatible pointer type [-Wincompatible-pointer-types]
         freq_hz = CPU_TS_TmrFreqGet(&err);  /* Get CPU timestamp timer frequency. */
                                     ^
In file included from ../../ucos_bsp_0/ps7_cortexa9_0/include/lib_mem.h:106:0,
                 from ../src/routeur.h:13,
                 from ../src/routeur.c:17:
../../ucos_bsp_0/ps7_cortexa9_0/include/cpu_core.h:556:18: note: expected 'CPU_ERR * {aka enum cpu_err *}' but argument is of type 'OS_ERR * {aka enum os_err *}'
 CPU_TS_TMR_FREQ  CPU_TS_TmrFreqGet        (CPU_ERR          *p_err);
                  ^~~~~~~~~~~~~~~~~
../src/routeur.c:1020:33: warning: passing argument 1 of 'CPU_TS_TmrFreqGet' from incompatible pointer type [-Wincompatible-pointer-types]
     freq_hz = CPU_TS_TmrFreqGet(&err);  /* Get CPU timestamp timer frequency. */
                                 ^
In file included from ../../ucos_bsp_0/ps7_cortexa9_0/include/lib_mem.h:106:0,
                 from ../src/routeur.h:13,
                 from ../src/routeur.c:17:
../../ucos_bsp_0/ps7_cortexa9_0/include/cpu_core.h:556:18: note: expected 'CPU_ERR * {aka enum cpu_err *}' but argument is of type 'OS_ERR * {aka enum os_err *}'
 CPU_TS_TMR_FREQ  CPU_TS_TmrFreqGet        (CPU_ERR          *p_err);
                  ^~~~~~~~~~~~~~~~~
Finished building: ../src/routeur.c
 
Building target: lab1_part2.elf
Invoking: ARM v7 gcc linker
arm-none-eabi-gcc -mcpu=cortex-a9 -mfpu=vfpv3 -mfloat-abi=hard -Wl,-build-id=none -specs=Xilinx.spec -Wl,-T -Wl,../src/lscript.ld -L../../ucos_bsp_0/ps7_cortexa9_0/lib -o "lab1_part2.elf" ./src/Ajout_d_une_fonction_juste_avant_Task_Generate.o ./src/Ajout_de_code_dans_StartUpTask.o ./src/Mise_a_jour_dans_TaskStats.o ./src/interruptions.o ./src/routeur.o   -Wl,--start-group,-lucos,-lgcc,-lc,--end-group -Wl,--start-group,-lxil,-lgcc,-lc,--end-group
./src/interruptions.o: In function `connect_fit_timer_irq0':
/home/beny/Desktop/universite/session5/INF3610/labs/project_2/project_2.sdk/lab1_part2/Debug/../src/interruptions.c:72: undefined reference to `fit_timer_isr'
/home/beny/Desktop/universite/session5/INF3610/labs/project_2/project_2.sdk/lab1_part2/Debug/../src/interruptions.c:72: undefined reference to `fit_timer_isr'
./src/interruptions.o: In function `connect_gpio_irq0':
/home/beny/Desktop/universite/session5/INF3610/labs/project_2/project_2.sdk/lab1_part2/Debug/../src/interruptions.c:85: undefined reference to `gpio_isr0'
/home/beny/Desktop/universite/session5/INF3610/labs/project_2/project_2.sdk/lab1_part2/Debug/../src/interruptions.c:85: undefined reference to `gpio_isr0'
./src/interruptions.o: In function `connect_gpio_irq1':
/home/beny/Desktop/universite/session5/INF3610/labs/project_2/project_2.sdk/lab1_part2/Debug/../src/interruptions.c:94: undefined reference to `gpio_isr1'
/home/beny/Desktop/universite/session5/INF3610/labs/project_2/project_2.sdk/lab1_part2/Debug/../src/interruptions.c:94: undefined reference to `gpio_isr1'
collect2: error: ld returned 1 exit status
make: *** [makefile:41: lab1_part2.elf] Error 1
18:15:37 **** Auto Build of configuration Debug for project lab1_part2 ****
make pre-build main-build 
a9-linaro-pre-build-step
 
Building file: ../src/routeur.c
Invoking: ARM v7 gcc compiler
arm-none-eabi-gcc -Wall -O0 -g3 -c -fmessage-length=0 -MT"src/routeur.o" -mcpu=cortex-a9 -mfpu=vfpv3 -mfloat-abi=hard -I../../ucos_bsp_0/ps7_cortexa9_0/include -MMD -MP -MF"src/routeur.d" -MT"src/routeur.o" -o "src/routeur.o" "../src/routeur.c"
../src/routeur.c: In function 'create_tasks':
../src/routeur.c:124:6: warning: unused variable 'i' [-Wunused-variable]
  int i;
      ^
../src/routeur.c: In function 'create_events':
../src/routeur.c:135:6: warning: unused variable 'i' [-Wunused-variable]
  int i;
      ^
../src/routeur.c: In function 'gpio_isr0':
../src/routeur.c:243:12: warning: unused variable 'ts' [-Wunused-variable]
     CPU_TS ts;
            ^~
../src/routeur.c: In function 'TaskGenerate':
../src/routeur.c:308:6: warning: unused variable 'nb_rafales' [-Wunused-variable]
  int nb_rafales = 0;
      ^~~~~~~~~~
../src/routeur.c:305:14: warning: unused variable 'perr' [-Wunused-variable]
  OS_ERR err, perr;
              ^~~~
../src/routeur.c: In function 'TaskReset':
../src/routeur.c:400:12: warning: variable 'flags' set but not used [-Wunused-but-set-variable]
  OS_FLAGS  flags;
            ^~~~~
../src/routeur.c:399:6: warning: unused variable 'i' [-Wunused-variable]
  int i;
      ^
../src/routeur.c:397:9: warning: unused variable 'ts' [-Wunused-variable]
  CPU_TS ts;
         ^~
../src/routeur.c: In function 'TaskStop':
../src/routeur.c:414:12: warning: variable 'flags' set but not used [-Wunused-but-set-variable]
  OS_FLAGS  flags;
            ^~~~~
../src/routeur.c: In function 'computeCRC':
../src/routeur.c:441:9: warning: unused variable 'err' [-Wunused-variable]
  OS_ERR err;
         ^~~
../src/routeur.c:439:15: warning: unused variable 'Nb_of_ticks_in_CRC_init' [-Wunused-variable]
  unsigned int Nb_of_ticks_in_CRC_init = 0;
               ^~~~~~~~~~~~~~~~~~~~~~~
../src/routeur.c:438:15: warning: unused variable 'nb_calls' [-Wunused-variable]
  unsigned int nb_calls = 0;
               ^~~~~~~~
../src/routeur.c: In function 'TaskQueueing':
../src/routeur.c:484:10: warning: unused variable 'actualticks' [-Wunused-variable]
  OS_TICK actualticks = 0;
          ^~~~~~~~~~~
../src/routeur.c:480:14: warning: unused variable 'perr' [-Wunused-variable]
  OS_ERR err, perr;
              ^~~~
../src/routeur.c: In function 'TaskComputing':
../src/routeur.c:571:8: warning: unused variable 'nombre' [-Wunused-variable]
  float nombre;
        ^~~~~~
../src/routeur.c:569:12: warning: unused variable 'info' [-Wunused-variable]
  Info_FIFO info = *(Info_FIFO*)pdata;
            ^~~~
../src/routeur.c: In function 'TaskOutputPort':
../src/routeur.c:762:12: warning: unused variable 'info' [-Wunused-variable]
  Info_Port info = *(Info_Port*)data;
            ^~~~
../src/routeur.c:758:14: warning: unused variable 'perr' [-Wunused-variable]
  OS_ERR err, perr;
              ^~~~
../src/routeur.c: In function 'TaskStats':
../src/routeur.c:800:14: warning: unused variable 'msg_size' [-Wunused-variable]
  OS_MSG_SIZE msg_size;
              ^~~~~~~~
../src/routeur.c:799:10: warning: unused variable 'packet' [-Wunused-variable]
  Packet* packet = NULL;
          ^~~~~~
../src/routeur.c:798:10: warning: unused variable 'actualticks' [-Wunused-variable]
  OS_TICK actualticks;
          ^~~~~~~~~~~
../src/routeur.c:796:14: warning: unused variable 'perr' [-Wunused-variable]
  OS_ERR err, perr;
              ^~~~
../src/routeur.c: In function 'StartupTask':
../src/routeur.c:1047:37: warning: passing argument 1 of 'CPU_TS_TmrFreqGet' from incompatible pointer type [-Wincompatible-pointer-types]
         freq_hz = CPU_TS_TmrFreqGet(&err);  /* Get CPU timestamp timer frequency. */
                                     ^
In file included from ../../ucos_bsp_0/ps7_cortexa9_0/include/lib_mem.h:106:0,
                 from ../src/routeur.h:13,
                 from ../src/routeur.c:17:
../../ucos_bsp_0/ps7_cortexa9_0/include/cpu_core.h:556:18: note: expected 'CPU_ERR * {aka enum cpu_err *}' but argument is of type 'OS_ERR * {aka enum os_err *}'
 CPU_TS_TMR_FREQ  CPU_TS_TmrFreqGet        (CPU_ERR          *p_err);
                  ^~~~~~~~~~~~~~~~~
../src/routeur.c:1059:33: warning: passing argument 1 of 'CPU_TS_TmrFreqGet' from incompatible pointer type [-Wincompatible-pointer-types]
     freq_hz = CPU_TS_TmrFreqGet(&err);  /* Get CPU timestamp timer frequency. */
                                 ^
In file included from ../../ucos_bsp_0/ps7_cortexa9_0/include/lib_mem.h:106:0,
                 from ../src/routeur.h:13,
                 from ../src/routeur.c:17:
../../ucos_bsp_0/ps7_cortexa9_0/include/cpu_core.h:556:18: note: expected 'CPU_ERR * {aka enum cpu_err *}' but argument is of type 'OS_ERR * {aka enum os_err *}'
 CPU_TS_TMR_FREQ  CPU_TS_TmrFreqGet        (CPU_ERR          *p_err);
                  ^~~~~~~~~~~~~~~~~
Finished building: ../src/routeur.c
 
Building target: lab1_part2.elf
Invoking: ARM v7 gcc linker
arm-none-eabi-gcc -mcpu=cortex-a9 -mfpu=vfpv3 -mfloat-abi=hard -Wl,-build-id=none -specs=Xilinx.spec -Wl,-T -Wl,../src/lscript.ld -L../../ucos_bsp_0/ps7_cortexa9_0/lib -o "lab1_part2.elf" ./src/Ajout_d_une_fonction_juste_avant_Task_Generate.o ./src/Ajout_de_code_dans_StartUpTask.o ./src/Mise_a_jour_dans_TaskStats.o ./src/interruptions.o ./src/routeur.o   -Wl,--start-group,-lucos,-lgcc,-lc,--end-group -Wl,--start-group,-lxil,-lgcc,-lc,--end-group
Finished building target: lab1_part2.elf
 
Invoking: ARM v7 Print Size
arm-none-eabi-size lab1_part2.elf  |tee "lab1_part2.elf.size"
   text	   data	    bss	    dec	    hex	filename
 139828	   2670	3701888	3844386	 3aa922	lab1_part2.elf
Finished building: lab1_part2.elf.size
 
18:15:41 **** Incremental Build of configuration Debug for project lab1_part2 ****
make pre-build main-build 
a9-linaro-pre-build-step
 
make: Nothing to be done for 'main-build'.
18:19:15 **** Auto Build of configuration Debug for project lab1_part2 ****
make pre-build main-build 
a9-linaro-pre-build-step
 
Building file: ../src/routeur.c
Invoking: ARM v7 gcc compiler
arm-none-eabi-gcc -Wall -O0 -g3 -c -fmessage-length=0 -MT"src/routeur.o" -mcpu=cortex-a9 -mfpu=vfpv3 -mfloat-abi=hard -I../../ucos_bsp_0/ps7_cortexa9_0/include -MMD -MP -MF"src/routeur.d" -MT"src/routeur.o" -o "src/routeur.o" "../src/routeur.c"
../src/routeur.c: In function 'create_tasks':
../src/routeur.c:124:6: warning: unused variable 'i' [-Wunused-variable]
  int i;
      ^
../src/routeur.c: In function 'create_events':
../src/routeur.c:135:6: warning: unused variable 'i' [-Wunused-variable]
  int i;
      ^
../src/routeur.c: In function 'gpio_isr0':
../src/routeur.c:243:12: warning: unused variable 'ts' [-Wunused-variable]
     CPU_TS ts;
            ^~
../src/routeur.c: In function 'TaskGenerate':
../src/routeur.c:309:6: warning: unused variable 'nb_rafales' [-Wunused-variable]
  int nb_rafales = 0;
      ^~~~~~~~~~
../src/routeur.c:306:14: warning: unused variable 'perr' [-Wunused-variable]
  OS_ERR err, perr;
              ^~~~
../src/routeur.c: In function 'TaskReset':
../src/routeur.c:401:12: warning: variable 'flags' set but not used [-Wunused-but-set-variable]
  OS_FLAGS  flags;
            ^~~~~
../src/routeur.c:400:6: warning: unused variable 'i' [-Wunused-variable]
  int i;
      ^
../src/routeur.c:398:9: warning: unused variable 'ts' [-Wunused-variable]
  CPU_TS ts;
         ^~
../src/routeur.c: In function 'TaskStop':
../src/routeur.c:415:12: warning: variable 'flags' set but not used [-Wunused-but-set-variable]
  OS_FLAGS  flags;
            ^~~~~
../src/routeur.c: In function 'computeCRC':
../src/routeur.c:442:9: warning: unused variable 'err' [-Wunused-variable]
  OS_ERR err;
         ^~~
../src/routeur.c:440:15: warning: unused variable 'Nb_of_ticks_in_CRC_init' [-Wunused-variable]
  unsigned int Nb_of_ticks_in_CRC_init = 0;
               ^~~~~~~~~~~~~~~~~~~~~~~
../src/routeur.c:439:15: warning: unused variable 'nb_calls' [-Wunused-variable]
  unsigned int nb_calls = 0;
               ^~~~~~~~
../src/routeur.c: In function 'TaskQueueing':
../src/routeur.c:485:10: warning: unused variable 'actualticks' [-Wunused-variable]
  OS_TICK actualticks = 0;
          ^~~~~~~~~~~
../src/routeur.c:481:14: warning: unused variable 'perr' [-Wunused-variable]
  OS_ERR err, perr;
              ^~~~
../src/routeur.c: In function 'TaskComputing':
../src/routeur.c:572:8: warning: unused variable 'nombre' [-Wunused-variable]
  float nombre;
        ^~~~~~
../src/routeur.c:570:12: warning: unused variable 'info' [-Wunused-variable]
  Info_FIFO info = *(Info_FIFO*)pdata;
            ^~~~
../src/routeur.c: In function 'TaskOutputPort':
../src/routeur.c:763:12: warning: unused variable 'info' [-Wunused-variable]
  Info_Port info = *(Info_Port*)data;
            ^~~~
../src/routeur.c:759:14: warning: unused variable 'perr' [-Wunused-variable]
  OS_ERR err, perr;
              ^~~~
../src/routeur.c: In function 'TaskStats':
../src/routeur.c:801:14: warning: unused variable 'msg_size' [-Wunused-variable]
  OS_MSG_SIZE msg_size;
              ^~~~~~~~
../src/routeur.c:800:10: warning: unused variable 'packet' [-Wunused-variable]
  Packet* packet = NULL;
          ^~~~~~
../src/routeur.c:799:10: warning: unused variable 'actualticks' [-Wunused-variable]
  OS_TICK actualticks;
          ^~~~~~~~~~~
../src/routeur.c:797:14: warning: unused variable 'perr' [-Wunused-variable]
  OS_ERR err, perr;
              ^~~~
../src/routeur.c: In function 'StartupTask':
../src/routeur.c:1048:37: warning: passing argument 1 of 'CPU_TS_TmrFreqGet' from incompatible pointer type [-Wincompatible-pointer-types]
         freq_hz = CPU_TS_TmrFreqGet(&err);  /* Get CPU timestamp timer frequency. */
                                     ^
In file included from ../../ucos_bsp_0/ps7_cortexa9_0/include/lib_mem.h:106:0,
                 from ../src/routeur.h:13,
                 from ../src/routeur.c:17:
../../ucos_bsp_0/ps7_cortexa9_0/include/cpu_core.h:556:18: note: expected 'CPU_ERR * {aka enum cpu_err *}' but argument is of type 'OS_ERR * {aka enum os_err *}'
 CPU_TS_TMR_FREQ  CPU_TS_TmrFreqGet        (CPU_ERR          *p_err);
                  ^~~~~~~~~~~~~~~~~
../src/routeur.c:1060:33: warning: passing argument 1 of 'CPU_TS_TmrFreqGet' from incompatible pointer type [-Wincompatible-pointer-types]
     freq_hz = CPU_TS_TmrFreqGet(&err);  /* Get CPU timestamp timer frequency. */
                                 ^
In file included from ../../ucos_bsp_0/ps7_cortexa9_0/include/lib_mem.h:106:0,
                 from ../src/routeur.h:13,
                 from ../src/routeur.c:17:
../../ucos_bsp_0/ps7_cortexa9_0/include/cpu_core.h:556:18: note: expected 'CPU_ERR * {aka enum cpu_err *}' but argument is of type 'OS_ERR * {aka enum os_err *}'
 CPU_TS_TMR_FREQ  CPU_TS_TmrFreqGet        (CPU_ERR          *p_err);
                  ^~~~~~~~~~~~~~~~~
Finished building: ../src/routeur.c
 
Building target: lab1_part2.elf
Invoking: ARM v7 gcc linker
arm-none-eabi-gcc -mcpu=cortex-a9 -mfpu=vfpv3 -mfloat-abi=hard -Wl,-build-id=none -specs=Xilinx.spec -Wl,-T -Wl,../src/lscript.ld -L../../ucos_bsp_0/ps7_cortexa9_0/lib -o "lab1_part2.elf" ./src/Ajout_d_une_fonction_juste_avant_Task_Generate.o ./src/Ajout_de_code_dans_StartUpTask.o ./src/Mise_a_jour_dans_TaskStats.o ./src/interruptions.o ./src/routeur.o   -Wl,--start-group,-lucos,-lgcc,-lc,--end-group -Wl,--start-group,-lxil,-lgcc,-lc,--end-group
Finished building target: lab1_part2.elf
 
Invoking: ARM v7 Print Size
arm-none-eabi-size lab1_part2.elf  |tee "lab1_part2.elf.size"
   text	   data	    bss	    dec	    hex	filename
 139844	   2670	3701888	3844402	 3aa932	lab1_part2.elf
Finished building: lab1_part2.elf.size
 
18:19:17 **** Auto Build of configuration Debug for project lab1_part2 ****
make pre-build main-build 
a9-linaro-pre-build-step
 
Building file: ../src/routeur.c
Invoking: ARM v7 gcc compiler
arm-none-eabi-gcc -Wall -O0 -g3 -c -fmessage-length=0 -MT"src/routeur.o" -mcpu=cortex-a9 -mfpu=vfpv3 -mfloat-abi=hard -I../../ucos_bsp_0/ps7_cortexa9_0/include -MMD -MP -MF"src/routeur.d" -MT"src/routeur.o" -o "src/routeur.o" "../src/routeur.c"
../src/routeur.c: In function 'create_tasks':
../src/routeur.c:124:6: warning: unused variable 'i' [-Wunused-variable]
  int i;
      ^
../src/routeur.c: In function 'create_events':
../src/routeur.c:135:6: warning: unused variable 'i' [-Wunused-variable]
  int i;
      ^
../src/routeur.c: In function 'gpio_isr0':
../src/routeur.c:243:12: warning: unused variable 'ts' [-Wunused-variable]
     CPU_TS ts;
            ^~
../src/routeur.c: In function 'TaskGenerate':
../src/routeur.c:309:6: warning: unused variable 'nb_rafales' [-Wunused-variable]
  int nb_rafales = 0;
      ^~~~~~~~~~
../src/routeur.c:306:14: warning: unused variable 'perr' [-Wunused-variable]
  OS_ERR err, perr;
              ^~~~
../src/routeur.c: In function 'TaskReset':
../src/routeur.c:401:12: warning: variable 'flags' set but not used [-Wunused-but-set-variable]
  OS_FLAGS  flags;
            ^~~~~
../src/routeur.c:400:6: warning: unused variable 'i' [-Wunused-variable]
  int i;
      ^
../src/routeur.c:398:9: warning: unused variable 'ts' [-Wunused-variable]
  CPU_TS ts;
         ^~
../src/routeur.c: In function 'TaskStop':
../src/routeur.c:415:12: warning: variable 'flags' set but not used [-Wunused-but-set-variable]
  OS_FLAGS  flags;
            ^~~~~
../src/routeur.c: In function 'computeCRC':
../src/routeur.c:442:9: warning: unused variable 'err' [-Wunused-variable]
  OS_ERR err;
         ^~~
../src/routeur.c:440:15: warning: unused variable 'Nb_of_ticks_in_CRC_init' [-Wunused-variable]
  unsigned int Nb_of_ticks_in_CRC_init = 0;
               ^~~~~~~~~~~~~~~~~~~~~~~
../src/routeur.c:439:15: warning: unused variable 'nb_calls' [-Wunused-variable]
  unsigned int nb_calls = 0;
               ^~~~~~~~
../src/routeur.c: In function 'TaskQueueing':
../src/routeur.c:485:10: warning: unused variable 'actualticks' [-Wunused-variable]
  OS_TICK actualticks = 0;
          ^~~~~~~~~~~
../src/routeur.c:481:14: warning: unused variable 'perr' [-Wunused-variable]
  OS_ERR err, perr;
              ^~~~
../src/routeur.c: In function 'TaskComputing':
../src/routeur.c:572:8: warning: unused variable 'nombre' [-Wunused-variable]
  float nombre;
        ^~~~~~
../src/routeur.c:570:12: warning: unused variable 'info' [-Wunused-variable]
  Info_FIFO info = *(Info_FIFO*)pdata;
            ^~~~
../src/routeur.c: In function 'TaskOutputPort':
../src/routeur.c:763:12: warning: unused variable 'info' [-Wunused-variable]
  Info_Port info = *(Info_Port*)data;
            ^~~~
../src/routeur.c:759:14: warning: unused variable 'perr' [-Wunused-variable]
  OS_ERR err, perr;
              ^~~~
../src/routeur.c: In function 'TaskStats':
../src/routeur.c:801:14: warning: unused variable 'msg_size' [-Wunused-variable]
  OS_MSG_SIZE msg_size;
              ^~~~~~~~
../src/routeur.c:800:10: warning: unused variable 'packet' [-Wunused-variable]
  Packet* packet = NULL;
          ^~~~~~
../src/routeur.c:799:10: warning: unused variable 'actualticks' [-Wunused-variable]
  OS_TICK actualticks;
          ^~~~~~~~~~~
../src/routeur.c:797:14: warning: unused variable 'perr' [-Wunused-variable]
  OS_ERR err, perr;
              ^~~~
../src/routeur.c: In function 'StartupTask':
../src/routeur.c:1048:37: warning: passing argument 1 of 'CPU_TS_TmrFreqGet' from incompatible pointer type [-Wincompatible-pointer-types]
         freq_hz = CPU_TS_TmrFreqGet(&err);  /* Get CPU timestamp timer frequency. */
                                     ^
In file included from ../../ucos_bsp_0/ps7_cortexa9_0/include/lib_mem.h:106:0,
                 from ../src/routeur.h:13,
                 from ../src/routeur.c:17:
../../ucos_bsp_0/ps7_cortexa9_0/include/cpu_core.h:556:18: note: expected 'CPU_ERR * {aka enum cpu_err *}' but argument is of type 'OS_ERR * {aka enum os_err *}'
 CPU_TS_TMR_FREQ  CPU_TS_TmrFreqGet        (CPU_ERR          *p_err);
                  ^~~~~~~~~~~~~~~~~
../src/routeur.c:1060:33: warning: passing argument 1 of 'CPU_TS_TmrFreqGet' from incompatible pointer type [-Wincompatible-pointer-types]
     freq_hz = CPU_TS_TmrFreqGet(&err);  /* Get CPU timestamp timer frequency. */
                                 ^
In file included from ../../ucos_bsp_0/ps7_cortexa9_0/include/lib_mem.h:106:0,
                 from ../src/routeur.h:13,
                 from ../src/routeur.c:17:
../../ucos_bsp_0/ps7_cortexa9_0/include/cpu_core.h:556:18: note: expected 'CPU_ERR * {aka enum cpu_err *}' but argument is of type 'OS_ERR * {aka enum os_err *}'
 CPU_TS_TMR_FREQ  CPU_TS_TmrFreqGet        (CPU_ERR          *p_err);
                  ^~~~~~~~~~~~~~~~~
Finished building: ../src/routeur.c
 
Building target: lab1_part2.elf
Invoking: ARM v7 gcc linker
arm-none-eabi-gcc -mcpu=cortex-a9 -mfpu=vfpv3 -mfloat-abi=hard -Wl,-build-id=none -specs=Xilinx.spec -Wl,-T -Wl,../src/lscript.ld -L../../ucos_bsp_0/ps7_cortexa9_0/lib -o "lab1_part2.elf" ./src/Ajout_d_une_fonction_juste_avant_Task_Generate.o ./src/Ajout_de_code_dans_StartUpTask.o ./src/Mise_a_jour_dans_TaskStats.o ./src/interruptions.o ./src/routeur.o   -Wl,--start-group,-lucos,-lgcc,-lc,--end-group -Wl,--start-group,-lxil,-lgcc,-lc,--end-group
Finished building target: lab1_part2.elf
 
Invoking: ARM v7 Print Size
arm-none-eabi-size lab1_part2.elf  |tee "lab1_part2.elf.size"
   text	   data	    bss	    dec	    hex	filename
 139844	   2670	3701888	3844402	 3aa932	lab1_part2.elf
Finished building: lab1_part2.elf.size
 
18:19:18 **** Incremental Build of configuration Debug for project lab1_part2 ****
make pre-build main-build 
a9-linaro-pre-build-step
 
make: Nothing to be done for 'main-build'.
18:19:59 **** Auto Build of configuration Debug for project lab1_part2 ****
make pre-build main-build 
a9-linaro-pre-build-step
 
Building file: ../src/routeur.c
Invoking: ARM v7 gcc compiler
arm-none-eabi-gcc -Wall -O0 -g3 -c -fmessage-length=0 -MT"src/routeur.o" -mcpu=cortex-a9 -mfpu=vfpv3 -mfloat-abi=hard -I../../ucos_bsp_0/ps7_cortexa9_0/include -MMD -MP -MF"src/routeur.d" -MT"src/routeur.o" -o "src/routeur.o" "../src/routeur.c"
../src/routeur.c: In function 'create_tasks':
../src/routeur.c:124:6: warning: unused variable 'i' [-Wunused-variable]
  int i;
      ^
../src/routeur.c: In function 'create_events':
../src/routeur.c:135:6: warning: unused variable 'i' [-Wunused-variable]
  int i;
      ^
../src/routeur.c: In function 'gpio_isr0':
../src/routeur.c:243:12: warning: unused variable 'ts' [-Wunused-variable]
     CPU_TS ts;
            ^~
../src/routeur.c: In function 'TaskGenerate':
../src/routeur.c:309:6: warning: unused variable 'nb_rafales' [-Wunused-variable]
  int nb_rafales = 0;
      ^~~~~~~~~~
../src/routeur.c:306:14: warning: unused variable 'perr' [-Wunused-variable]
  OS_ERR err, perr;
              ^~~~
../src/routeur.c: In function 'TaskReset':
../src/routeur.c:401:12: warning: variable 'flags' set but not used [-Wunused-but-set-variable]
  OS_FLAGS  flags;
            ^~~~~
../src/routeur.c:400:6: warning: unused variable 'i' [-Wunused-variable]
  int i;
      ^
../src/routeur.c:398:9: warning: unused variable 'ts' [-Wunused-variable]
  CPU_TS ts;
         ^~
../src/routeur.c: In function 'TaskStop':
../src/routeur.c:415:12: warning: variable 'flags' set but not used [-Wunused-but-set-variable]
  OS_FLAGS  flags;
            ^~~~~
../src/routeur.c: In function 'computeCRC':
../src/routeur.c:442:9: warning: unused variable 'err' [-Wunused-variable]
  OS_ERR err;
         ^~~
../src/routeur.c:440:15: warning: unused variable 'Nb_of_ticks_in_CRC_init' [-Wunused-variable]
  unsigned int Nb_of_ticks_in_CRC_init = 0;
               ^~~~~~~~~~~~~~~~~~~~~~~
../src/routeur.c:439:15: warning: unused variable 'nb_calls' [-Wunused-variable]
  unsigned int nb_calls = 0;
               ^~~~~~~~
../src/routeur.c: In function 'TaskQueueing':
../src/routeur.c:485:10: warning: unused variable 'actualticks' [-Wunused-variable]
  OS_TICK actualticks = 0;
          ^~~~~~~~~~~
../src/routeur.c:481:14: warning: unused variable 'perr' [-Wunused-variable]
  OS_ERR err, perr;
              ^~~~
../src/routeur.c: In function 'TaskComputing':
../src/routeur.c:572:8: warning: unused variable 'nombre' [-Wunused-variable]
  float nombre;
        ^~~~~~
../src/routeur.c:570:12: warning: unused variable 'info' [-Wunused-variable]
  Info_FIFO info = *(Info_FIFO*)pdata;
            ^~~~
../src/routeur.c: In function 'TaskOutputPort':
../src/routeur.c:763:12: warning: unused variable 'info' [-Wunused-variable]
  Info_Port info = *(Info_Port*)data;
            ^~~~
../src/routeur.c:759:14: warning: unused variable 'perr' [-Wunused-variable]
  OS_ERR err, perr;
              ^~~~
../src/routeur.c: In function 'TaskStats':
../src/routeur.c:801:14: warning: unused variable 'msg_size' [-Wunused-variable]
  OS_MSG_SIZE msg_size;
              ^~~~~~~~
../src/routeur.c:800:10: warning: unused variable 'packet' [-Wunused-variable]
  Packet* packet = NULL;
          ^~~~~~
../src/routeur.c:799:10: warning: unused variable 'actualticks' [-Wunused-variable]
  OS_TICK actualticks;
          ^~~~~~~~~~~
../src/routeur.c:797:14: warning: unused variable 'perr' [-Wunused-variable]
  OS_ERR err, perr;
              ^~~~
../src/routeur.c: In function 'StartupTask':
../src/routeur.c:1048:37: warning: passing argument 1 of 'CPU_TS_TmrFreqGet' from incompatible pointer type [-Wincompatible-pointer-types]
         freq_hz = CPU_TS_TmrFreqGet(&err);  /* Get CPU timestamp timer frequency. */
                                     ^
In file included from ../../ucos_bsp_0/ps7_cortexa9_0/include/lib_mem.h:106:0,
                 from ../src/routeur.h:13,
                 from ../src/routeur.c:17:
../../ucos_bsp_0/ps7_cortexa9_0/include/cpu_core.h:556:18: note: expected 'CPU_ERR * {aka enum cpu_err *}' but argument is of type 'OS_ERR * {aka enum os_err *}'
 CPU_TS_TMR_FREQ  CPU_TS_TmrFreqGet        (CPU_ERR          *p_err);
                  ^~~~~~~~~~~~~~~~~
../src/routeur.c:1060:33: warning: passing argument 1 of 'CPU_TS_TmrFreqGet' from incompatible pointer type [-Wincompatible-pointer-types]
     freq_hz = CPU_TS_TmrFreqGet(&err);  /* Get CPU timestamp timer frequency. */
                                 ^
In file included from ../../ucos_bsp_0/ps7_cortexa9_0/include/lib_mem.h:106:0,
                 from ../src/routeur.h:13,
                 from ../src/routeur.c:17:
../../ucos_bsp_0/ps7_cortexa9_0/include/cpu_core.h:556:18: note: expected 'CPU_ERR * {aka enum cpu_err *}' but argument is of type 'OS_ERR * {aka enum os_err *}'
 CPU_TS_TMR_FREQ  CPU_TS_TmrFreqGet        (CPU_ERR          *p_err);
                  ^~~~~~~~~~~~~~~~~
Finished building: ../src/routeur.c
 
Building target: lab1_part2.elf
Invoking: ARM v7 gcc linker
arm-none-eabi-gcc -mcpu=cortex-a9 -mfpu=vfpv3 -mfloat-abi=hard -Wl,-build-id=none -specs=Xilinx.spec -Wl,-T -Wl,../src/lscript.ld -L../../ucos_bsp_0/ps7_cortexa9_0/lib -o "lab1_part2.elf" ./src/Ajout_d_une_fonction_juste_avant_Task_Generate.o ./src/Ajout_de_code_dans_StartUpTask.o ./src/Mise_a_jour_dans_TaskStats.o ./src/interruptions.o ./src/routeur.o   -Wl,--start-group,-lucos,-lgcc,-lc,--end-group -Wl,--start-group,-lxil,-lgcc,-lc,--end-group
Finished building target: lab1_part2.elf
 
Invoking: ARM v7 Print Size
arm-none-eabi-size lab1_part2.elf  |tee "lab1_part2.elf.size"
   text	   data	    bss	    dec	    hex	filename
 139796	   2670	3701888	3844354	 3aa902	lab1_part2.elf
Finished building: lab1_part2.elf.size
 
18:20:02 **** Incremental Build of configuration Debug for project lab1_part2 ****
make pre-build main-build 
a9-linaro-pre-build-step
 
make: Nothing to be done for 'main-build'.
15:51:59 **** Incremental Build of configuration Debug for project lab1_part2 ****
make pre-build main-build 
a9-linaro-pre-build-step
 
make: Nothing to be done for 'main-build'.
15:55:42 **** Auto Build of configuration Debug for project lab1_part2 ****
make pre-build main-build 
a9-linaro-pre-build-step
 
Building file: ../src/routeur.c
Invoking: ARM v7 gcc compiler
arm-none-eabi-gcc -Wall -O0 -g3 -c -fmessage-length=0 -MT"src/routeur.o" -mcpu=cortex-a9 -mfpu=vfpv3 -mfloat-abi=hard -I../../ucos_bsp_0/ps7_cortexa9_0/include -MMD -MP -MF"src/routeur.d" -MT"src/routeur.o" -o "src/routeur.o" "../src/routeur.c"
../src/routeur.c: In function 'create_tasks':
../src/routeur.c:124:6: warning: unused variable 'i' [-Wunused-variable]
  int i;
      ^
../src/routeur.c: In function 'create_events':
../src/routeur.c:135:6: warning: unused variable 'i' [-Wunused-variable]
  int i;
      ^
../src/routeur.c: In function 'gpio_isr0':
../src/routeur.c:253:12: warning: unused variable 'ts' [-Wunused-variable]
     CPU_TS ts;
            ^~
../src/routeur.c: In function 'TaskGenerate':
../src/routeur.c:316:6: warning: unused variable 'nb_rafales' [-Wunused-variable]
  int nb_rafales = 0;
      ^~~~~~~~~~
../src/routeur.c:313:14: warning: unused variable 'perr' [-Wunused-variable]
  OS_ERR err, perr;
              ^~~~
../src/routeur.c: In function 'TaskReset':
../src/routeur.c:408:12: warning: variable 'flags' set but not used [-Wunused-but-set-variable]
  OS_FLAGS  flags;
            ^~~~~
../src/routeur.c:407:6: warning: unused variable 'i' [-Wunused-variable]
  int i;
      ^
../src/routeur.c:405:9: warning: unused variable 'ts' [-Wunused-variable]
  CPU_TS ts;
         ^~
../src/routeur.c: In function 'TaskStop':
../src/routeur.c:422:12: warning: variable 'flags' set but not used [-Wunused-but-set-variable]
  OS_FLAGS  flags;
            ^~~~~
../src/routeur.c: In function 'computeCRC':
../src/routeur.c:449:9: warning: unused variable 'err' [-Wunused-variable]
  OS_ERR err;
         ^~~
../src/routeur.c:447:15: warning: unused variable 'Nb_of_ticks_in_CRC_init' [-Wunused-variable]
  unsigned int Nb_of_ticks_in_CRC_init = 0;
               ^~~~~~~~~~~~~~~~~~~~~~~
../src/routeur.c:446:15: warning: unused variable 'nb_calls' [-Wunused-variable]
  unsigned int nb_calls = 0;
               ^~~~~~~~
../src/routeur.c: In function 'TaskQueueing':
../src/routeur.c:492:10: warning: unused variable 'actualticks' [-Wunused-variable]
  OS_TICK actualticks = 0;
          ^~~~~~~~~~~
../src/routeur.c:488:14: warning: unused variable 'perr' [-Wunused-variable]
  OS_ERR err, perr;
              ^~~~
../src/routeur.c: In function 'TaskComputing':
../src/routeur.c:579:8: warning: unused variable 'nombre' [-Wunused-variable]
  float nombre;
        ^~~~~~
../src/routeur.c:577:12: warning: unused variable 'info' [-Wunused-variable]
  Info_FIFO info = *(Info_FIFO*)pdata;
            ^~~~
../src/routeur.c: In function 'TaskOutputPort':
../src/routeur.c:770:12: warning: unused variable 'info' [-Wunused-variable]
  Info_Port info = *(Info_Port*)data;
            ^~~~
../src/routeur.c:766:14: warning: unused variable 'perr' [-Wunused-variable]
  OS_ERR err, perr;
              ^~~~
../src/routeur.c: In function 'TaskStats':
../src/routeur.c:808:14: warning: unused variable 'msg_size' [-Wunused-variable]
  OS_MSG_SIZE msg_size;
              ^~~~~~~~
../src/routeur.c:807:10: warning: unused variable 'packet' [-Wunused-variable]
  Packet* packet = NULL;
          ^~~~~~
../src/routeur.c:806:10: warning: unused variable 'actualticks' [-Wunused-variable]
  OS_TICK actualticks;
          ^~~~~~~~~~~
../src/routeur.c:804:14: warning: unused variable 'perr' [-Wunused-variable]
  OS_ERR err, perr;
              ^~~~
../src/routeur.c: In function 'StartupTask':
../src/routeur.c:1055:37: warning: passing argument 1 of 'CPU_TS_TmrFreqGet' from incompatible pointer type [-Wincompatible-pointer-types]
         freq_hz = CPU_TS_TmrFreqGet(&err);  /* Get CPU timestamp timer frequency. */
                                     ^
In file included from ../../ucos_bsp_0/ps7_cortexa9_0/include/lib_mem.h:106:0,
                 from ../src/routeur.h:13,
                 from ../src/routeur.c:17:
../../ucos_bsp_0/ps7_cortexa9_0/include/cpu_core.h:556:18: note: expected 'CPU_ERR * {aka enum cpu_err *}' but argument is of type 'OS_ERR * {aka enum os_err *}'
 CPU_TS_TMR_FREQ  CPU_TS_TmrFreqGet        (CPU_ERR          *p_err);
                  ^~~~~~~~~~~~~~~~~
../src/routeur.c:1067:33: warning: passing argument 1 of 'CPU_TS_TmrFreqGet' from incompatible pointer type [-Wincompatible-pointer-types]
     freq_hz = CPU_TS_TmrFreqGet(&err);  /* Get CPU timestamp timer frequency. */
                                 ^
In file included from ../../ucos_bsp_0/ps7_cortexa9_0/include/lib_mem.h:106:0,
                 from ../src/routeur.h:13,
                 from ../src/routeur.c:17:
../../ucos_bsp_0/ps7_cortexa9_0/include/cpu_core.h:556:18: note: expected 'CPU_ERR * {aka enum cpu_err *}' but argument is of type 'OS_ERR * {aka enum os_err *}'
 CPU_TS_TMR_FREQ  CPU_TS_TmrFreqGet        (CPU_ERR          *p_err);
                  ^~~~~~~~~~~~~~~~~
Finished building: ../src/routeur.c
 
Building target: lab1_part2.elf
Invoking: ARM v7 gcc linker
arm-none-eabi-gcc -mcpu=cortex-a9 -mfpu=vfpv3 -mfloat-abi=hard -Wl,-build-id=none -specs=Xilinx.spec -Wl,-T -Wl,../src/lscript.ld -L../../ucos_bsp_0/ps7_cortexa9_0/lib -o "lab1_part2.elf" ./src/Ajout_d_une_fonction_juste_avant_Task_Generate.o ./src/Ajout_de_code_dans_StartUpTask.o ./src/Mise_a_jour_dans_TaskStats.o ./src/interruptions.o ./src/routeur.o   -Wl,--start-group,-lucos,-lgcc,-lc,--end-group -Wl,--start-group,-lxil,-lgcc,-lc,--end-group
Finished building target: lab1_part2.elf
 
Invoking: ARM v7 Print Size
arm-none-eabi-size lab1_part2.elf  |tee "lab1_part2.elf.size"
   text	   data	    bss	    dec	    hex	filename
 139796	   2670	3701888	3844354	 3aa902	lab1_part2.elf
Finished building: lab1_part2.elf.size
 
15:58:45 **** Auto Build of configuration Debug for project lab1_part2 ****
make pre-build main-build 
a9-linaro-pre-build-step
 
Building file: ../src/routeur.c
Invoking: ARM v7 gcc compiler
arm-none-eabi-gcc -Wall -O0 -g3 -c -fmessage-length=0 -MT"src/routeur.o" -mcpu=cortex-a9 -mfpu=vfpv3 -mfloat-abi=hard -I../../ucos_bsp_0/ps7_cortexa9_0/include -MMD -MP -MF"src/routeur.d" -MT"src/routeur.o" -o "src/routeur.o" "../src/routeur.c"
../src/routeur.c: In function 'create_tasks':
../src/routeur.c:124:6: warning: unused variable 'i' [-Wunused-variable]
  int i;
      ^
../src/routeur.c: In function 'create_events':
../src/routeur.c:135:6: warning: unused variable 'i' [-Wunused-variable]
  int i;
      ^
../src/routeur.c: In function 'gpio_isr0':
../src/routeur.c:253:12: warning: unused variable 'ts' [-Wunused-variable]
     CPU_TS ts;
            ^~
../src/routeur.c: In function 'TaskGenerate':
../src/routeur.c:316:6: warning: unused variable 'nb_rafales' [-Wunused-variable]
  int nb_rafales = 0;
      ^~~~~~~~~~
../src/routeur.c:313:14: warning: unused variable 'perr' [-Wunused-variable]
  OS_ERR err, perr;
              ^~~~
../src/routeur.c: In function 'TaskReset':
../src/routeur.c:408:12: warning: variable 'flags' set but not used [-Wunused-but-set-variable]
  OS_FLAGS  flags;
            ^~~~~
../src/routeur.c:407:6: warning: unused variable 'i' [-Wunused-variable]
  int i;
      ^
../src/routeur.c:405:9: warning: unused variable 'ts' [-Wunused-variable]
  CPU_TS ts;
         ^~
../src/routeur.c: In function 'TaskStop':
../src/routeur.c:437:12: warning: variable 'flags' set but not used [-Wunused-but-set-variable]
  OS_FLAGS  flags;
            ^~~~~
../src/routeur.c: In function 'computeCRC':
../src/routeur.c:464:9: warning: unused variable 'err' [-Wunused-variable]
  OS_ERR err;
         ^~~
../src/routeur.c:462:15: warning: unused variable 'Nb_of_ticks_in_CRC_init' [-Wunused-variable]
  unsigned int Nb_of_ticks_in_CRC_init = 0;
               ^~~~~~~~~~~~~~~~~~~~~~~
../src/routeur.c:461:15: warning: unused variable 'nb_calls' [-Wunused-variable]
  unsigned int nb_calls = 0;
               ^~~~~~~~
../src/routeur.c: In function 'TaskQueueing':
../src/routeur.c:507:10: warning: unused variable 'actualticks' [-Wunused-variable]
  OS_TICK actualticks = 0;
          ^~~~~~~~~~~
../src/routeur.c:503:14: warning: unused variable 'perr' [-Wunused-variable]
  OS_ERR err, perr;
              ^~~~
../src/routeur.c: In function 'TaskComputing':
../src/routeur.c:594:8: warning: unused variable 'nombre' [-Wunused-variable]
  float nombre;
        ^~~~~~
../src/routeur.c:592:12: warning: unused variable 'info' [-Wunused-variable]
  Info_FIFO info = *(Info_FIFO*)pdata;
            ^~~~
../src/routeur.c: In function 'TaskOutputPort':
../src/routeur.c:785:12: warning: unused variable 'info' [-Wunused-variable]
  Info_Port info = *(Info_Port*)data;
            ^~~~
../src/routeur.c:781:14: warning: unused variable 'perr' [-Wunused-variable]
  OS_ERR err, perr;
              ^~~~
../src/routeur.c: In function 'TaskStats':
../src/routeur.c:823:14: warning: unused variable 'msg_size' [-Wunused-variable]
  OS_MSG_SIZE msg_size;
              ^~~~~~~~
../src/routeur.c:822:10: warning: unused variable 'packet' [-Wunused-variable]
  Packet* packet = NULL;
          ^~~~~~
../src/routeur.c:821:10: warning: unused variable 'actualticks' [-Wunused-variable]
  OS_TICK actualticks;
          ^~~~~~~~~~~
../src/routeur.c:819:14: warning: unused variable 'perr' [-Wunused-variable]
  OS_ERR err, perr;
              ^~~~
../src/routeur.c: In function 'StartupTask':
../src/routeur.c:1070:37: warning: passing argument 1 of 'CPU_TS_TmrFreqGet' from incompatible pointer type [-Wincompatible-pointer-types]
         freq_hz = CPU_TS_TmrFreqGet(&err);  /* Get CPU timestamp timer frequency. */
                                     ^
In file included from ../../ucos_bsp_0/ps7_cortexa9_0/include/lib_mem.h:106:0,
                 from ../src/routeur.h:13,
                 from ../src/routeur.c:17:
../../ucos_bsp_0/ps7_cortexa9_0/include/cpu_core.h:556:18: note: expected 'CPU_ERR * {aka enum cpu_err *}' but argument is of type 'OS_ERR * {aka enum os_err *}'
 CPU_TS_TMR_FREQ  CPU_TS_TmrFreqGet        (CPU_ERR          *p_err);
                  ^~~~~~~~~~~~~~~~~
../src/routeur.c:1082:33: warning: passing argument 1 of 'CPU_TS_TmrFreqGet' from incompatible pointer type [-Wincompatible-pointer-types]
     freq_hz = CPU_TS_TmrFreqGet(&err);  /* Get CPU timestamp timer frequency. */
                                 ^
In file included from ../../ucos_bsp_0/ps7_cortexa9_0/include/lib_mem.h:106:0,
                 from ../src/routeur.h:13,
                 from ../src/routeur.c:17:
../../ucos_bsp_0/ps7_cortexa9_0/include/cpu_core.h:556:18: note: expected 'CPU_ERR * {aka enum cpu_err *}' but argument is of type 'OS_ERR * {aka enum os_err *}'
 CPU_TS_TMR_FREQ  CPU_TS_TmrFreqGet        (CPU_ERR          *p_err);
                  ^~~~~~~~~~~~~~~~~
Finished building: ../src/routeur.c
 
Building target: lab1_part2.elf
Invoking: ARM v7 gcc linker
arm-none-eabi-gcc -mcpu=cortex-a9 -mfpu=vfpv3 -mfloat-abi=hard -Wl,-build-id=none -specs=Xilinx.spec -Wl,-T -Wl,../src/lscript.ld -L../../ucos_bsp_0/ps7_cortexa9_0/lib -o "lab1_part2.elf" ./src/Ajout_d_une_fonction_juste_avant_Task_Generate.o ./src/Ajout_de_code_dans_StartUpTask.o ./src/Mise_a_jour_dans_TaskStats.o ./src/interruptions.o ./src/routeur.o   -Wl,--start-group,-lucos,-lgcc,-lc,--end-group -Wl,--start-group,-lxil,-lgcc,-lc,--end-group
Finished building target: lab1_part2.elf
 
Invoking: ARM v7 Print Size
arm-none-eabi-size lab1_part2.elf  |tee "lab1_part2.elf.size"
   text	   data	    bss	    dec	    hex	filename
 139796	   2670	3701888	3844354	 3aa902	lab1_part2.elf
Finished building: lab1_part2.elf.size
 
16:27:42 **** Auto Build of configuration Debug for project lab1_part2 ****
make pre-build main-build 
a9-linaro-pre-build-step
 
Building file: ../src/routeur.c
Invoking: ARM v7 gcc compiler
arm-none-eabi-gcc -Wall -O0 -g3 -c -fmessage-length=0 -MT"src/routeur.o" -mcpu=cortex-a9 -mfpu=vfpv3 -mfloat-abi=hard -I../../ucos_bsp_0/ps7_cortexa9_0/include -MMD -MP -MF"src/routeur.d" -MT"src/routeur.o" -o "src/routeur.o" "../src/routeur.c"
../src/routeur.c: In function 'create_tasks':
../src/routeur.c:124:6: warning: unused variable 'i' [-Wunused-variable]
  int i;
      ^
../src/routeur.c: In function 'create_events':
../src/routeur.c:135:6: warning: unused variable 'i' [-Wunused-variable]
  int i;
      ^
../src/routeur.c: In function 'gpio_isr0':
../src/routeur.c:252:12: warning: unused variable 'ts' [-Wunused-variable]
     CPU_TS ts;
            ^~
../src/routeur.c: In function 'TaskGenerate':
../src/routeur.c:316:6: warning: unused variable 'nb_rafales' [-Wunused-variable]
  int nb_rafales = 0;
      ^~~~~~~~~~
../src/routeur.c:313:14: warning: unused variable 'perr' [-Wunused-variable]
  OS_ERR err, perr;
              ^~~~
../src/routeur.c: In function 'TaskReset':
../src/routeur.c:408:12: warning: variable 'flags' set but not used [-Wunused-but-set-variable]
  OS_FLAGS  flags;
            ^~~~~
../src/routeur.c:407:6: warning: unused variable 'i' [-Wunused-variable]
  int i;
      ^
../src/routeur.c:405:9: warning: unused variable 'ts' [-Wunused-variable]
  CPU_TS ts;
         ^~
../src/routeur.c: In function 'TaskStop':
../src/routeur.c:437:12: warning: variable 'flags' set but not used [-Wunused-but-set-variable]
  OS_FLAGS  flags;
            ^~~~~
../src/routeur.c: In function 'computeCRC':
../src/routeur.c:464:9: warning: unused variable 'err' [-Wunused-variable]
  OS_ERR err;
         ^~~
../src/routeur.c:462:15: warning: unused variable 'Nb_of_ticks_in_CRC_init' [-Wunused-variable]
  unsigned int Nb_of_ticks_in_CRC_init = 0;
               ^~~~~~~~~~~~~~~~~~~~~~~
../src/routeur.c:461:15: warning: unused variable 'nb_calls' [-Wunused-variable]
  unsigned int nb_calls = 0;
               ^~~~~~~~
../src/routeur.c: In function 'TaskQueueing':
../src/routeur.c:507:10: warning: unused variable 'actualticks' [-Wunused-variable]
  OS_TICK actualticks = 0;
          ^~~~~~~~~~~
../src/routeur.c:503:14: warning: unused variable 'perr' [-Wunused-variable]
  OS_ERR err, perr;
              ^~~~
../src/routeur.c: In function 'TaskComputing':
../src/routeur.c:594:8: warning: unused variable 'nombre' [-Wunused-variable]
  float nombre;
        ^~~~~~
../src/routeur.c:592:12: warning: unused variable 'info' [-Wunused-variable]
  Info_FIFO info = *(Info_FIFO*)pdata;
            ^~~~
../src/routeur.c: In function 'TaskOutputPort':
../src/routeur.c:785:12: warning: unused variable 'info' [-Wunused-variable]
  Info_Port info = *(Info_Port*)data;
            ^~~~
../src/routeur.c:781:14: warning: unused variable 'perr' [-Wunused-variable]
  OS_ERR err, perr;
              ^~~~
../src/routeur.c: In function 'TaskStats':
../src/routeur.c:823:14: warning: unused variable 'msg_size' [-Wunused-variable]
  OS_MSG_SIZE msg_size;
              ^~~~~~~~
../src/routeur.c:822:10: warning: unused variable 'packet' [-Wunused-variable]
  Packet* packet = NULL;
          ^~~~~~
../src/routeur.c:821:10: warning: unused variable 'actualticks' [-Wunused-variable]
  OS_TICK actualticks;
          ^~~~~~~~~~~
../src/routeur.c:819:14: warning: unused variable 'perr' [-Wunused-variable]
  OS_ERR err, perr;
              ^~~~
../src/routeur.c: In function 'StartupTask':
../src/routeur.c:1070:37: warning: passing argument 1 of 'CPU_TS_TmrFreqGet' from incompatible pointer type [-Wincompatible-pointer-types]
         freq_hz = CPU_TS_TmrFreqGet(&err);  /* Get CPU timestamp timer frequency. */
                                     ^
In file included from ../../ucos_bsp_0/ps7_cortexa9_0/include/lib_mem.h:106:0,
                 from ../src/routeur.h:13,
                 from ../src/routeur.c:17:
../../ucos_bsp_0/ps7_cortexa9_0/include/cpu_core.h:556:18: note: expected 'CPU_ERR * {aka enum cpu_err *}' but argument is of type 'OS_ERR * {aka enum os_err *}'
 CPU_TS_TMR_FREQ  CPU_TS_TmrFreqGet        (CPU_ERR          *p_err);
                  ^~~~~~~~~~~~~~~~~
../src/routeur.c:1082:33: warning: passing argument 1 of 'CPU_TS_TmrFreqGet' from incompatible pointer type [-Wincompatible-pointer-types]
     freq_hz = CPU_TS_TmrFreqGet(&err);  /* Get CPU timestamp timer frequency. */
                                 ^
In file included from ../../ucos_bsp_0/ps7_cortexa9_0/include/lib_mem.h:106:0,
                 from ../src/routeur.h:13,
                 from ../src/routeur.c:17:
../../ucos_bsp_0/ps7_cortexa9_0/include/cpu_core.h:556:18: note: expected 'CPU_ERR * {aka enum cpu_err *}' but argument is of type 'OS_ERR * {aka enum os_err *}'
 CPU_TS_TMR_FREQ  CPU_TS_TmrFreqGet        (CPU_ERR          *p_err);
                  ^~~~~~~~~~~~~~~~~
Finished building: ../src/routeur.c
 
Building target: lab1_part2.elf
Invoking: ARM v7 gcc linker
arm-none-eabi-gcc -mcpu=cortex-a9 -mfpu=vfpv3 -mfloat-abi=hard -Wl,-build-id=none -specs=Xilinx.spec -Wl,-T -Wl,../src/lscript.ld -L../../ucos_bsp_0/ps7_cortexa9_0/lib -o "lab1_part2.elf" ./src/Ajout_d_une_fonction_juste_avant_Task_Generate.o ./src/Ajout_de_code_dans_StartUpTask.o ./src/Mise_a_jour_dans_TaskStats.o ./src/interruptions.o ./src/routeur.o   -Wl,--start-group,-lucos,-lgcc,-lc,--end-group -Wl,--start-group,-lxil,-lgcc,-lc,--end-group
Finished building target: lab1_part2.elf
 
Invoking: ARM v7 Print Size
arm-none-eabi-size lab1_part2.elf  |tee "lab1_part2.elf.size"
   text	   data	    bss	    dec	    hex	filename
 139796	   2670	3701888	3844354	 3aa902	lab1_part2.elf
Finished building: lab1_part2.elf.size
 
16:27:59 **** Auto Build of configuration Debug for project lab1_part2 ****
make pre-build main-build 
a9-linaro-pre-build-step
 
Building file: ../src/routeur.c
Invoking: ARM v7 gcc compiler
arm-none-eabi-gcc -Wall -O0 -g3 -c -fmessage-length=0 -MT"src/routeur.o" -mcpu=cortex-a9 -mfpu=vfpv3 -mfloat-abi=hard -I../../ucos_bsp_0/ps7_cortexa9_0/include -MMD -MP -MF"src/routeur.d" -MT"src/routeur.o" -o "src/routeur.o" "../src/routeur.c"
../src/routeur.c: In function 'create_tasks':
../src/routeur.c:124:6: warning: unused variable 'i' [-Wunused-variable]
  int i;
      ^
../src/routeur.c: In function 'create_events':
../src/routeur.c:135:6: warning: unused variable 'i' [-Wunused-variable]
  int i;
      ^
../src/routeur.c: In function 'gpio_isr0':
../src/routeur.c:252:12: warning: unused variable 'ts' [-Wunused-variable]
     CPU_TS ts;
            ^~
../src/routeur.c: In function 'TaskGenerate':
../src/routeur.c:318:6: warning: unused variable 'nb_rafales' [-Wunused-variable]
  int nb_rafales = 0;
      ^~~~~~~~~~
../src/routeur.c:315:14: warning: unused variable 'perr' [-Wunused-variable]
  OS_ERR err, perr;
              ^~~~
../src/routeur.c: In function 'TaskReset':
../src/routeur.c:410:12: warning: variable 'flags' set but not used [-Wunused-but-set-variable]
  OS_FLAGS  flags;
            ^~~~~
../src/routeur.c:409:6: warning: unused variable 'i' [-Wunused-variable]
  int i;
      ^
../src/routeur.c:407:9: warning: unused variable 'ts' [-Wunused-variable]
  CPU_TS ts;
         ^~
../src/routeur.c: In function 'TaskStop':
../src/routeur.c:439:12: warning: variable 'flags' set but not used [-Wunused-but-set-variable]
  OS_FLAGS  flags;
            ^~~~~
../src/routeur.c: In function 'computeCRC':
../src/routeur.c:466:9: warning: unused variable 'err' [-Wunused-variable]
  OS_ERR err;
         ^~~
../src/routeur.c:464:15: warning: unused variable 'Nb_of_ticks_in_CRC_init' [-Wunused-variable]
  unsigned int Nb_of_ticks_in_CRC_init = 0;
               ^~~~~~~~~~~~~~~~~~~~~~~
../src/routeur.c:463:15: warning: unused variable 'nb_calls' [-Wunused-variable]
  unsigned int nb_calls = 0;
               ^~~~~~~~
../src/routeur.c: In function 'TaskQueueing':
../src/routeur.c:509:10: warning: unused variable 'actualticks' [-Wunused-variable]
  OS_TICK actualticks = 0;
          ^~~~~~~~~~~
../src/routeur.c:505:14: warning: unused variable 'perr' [-Wunused-variable]
  OS_ERR err, perr;
              ^~~~
../src/routeur.c: In function 'TaskComputing':
../src/routeur.c:596:8: warning: unused variable 'nombre' [-Wunused-variable]
  float nombre;
        ^~~~~~
../src/routeur.c:594:12: warning: unused variable 'info' [-Wunused-variable]
  Info_FIFO info = *(Info_FIFO*)pdata;
            ^~~~
../src/routeur.c: In function 'TaskOutputPort':
../src/routeur.c:787:12: warning: unused variable 'info' [-Wunused-variable]
  Info_Port info = *(Info_Port*)data;
            ^~~~
../src/routeur.c:783:14: warning: unused variable 'perr' [-Wunused-variable]
  OS_ERR err, perr;
              ^~~~
../src/routeur.c: In function 'TaskStats':
../src/routeur.c:825:14: warning: unused variable 'msg_size' [-Wunused-variable]
  OS_MSG_SIZE msg_size;
              ^~~~~~~~
../src/routeur.c:824:10: warning: unused variable 'packet' [-Wunused-variable]
  Packet* packet = NULL;
          ^~~~~~
../src/routeur.c:823:10: warning: unused variable 'actualticks' [-Wunused-variable]
  OS_TICK actualticks;
          ^~~~~~~~~~~
../src/routeur.c:821:14: warning: unused variable 'perr' [-Wunused-variable]
  OS_ERR err, perr;
              ^~~~
../src/routeur.c: In function 'StartupTask':
../src/routeur.c:1072:37: warning: passing argument 1 of 'CPU_TS_TmrFreqGet' from incompatible pointer type [-Wincompatible-pointer-types]
         freq_hz = CPU_TS_TmrFreqGet(&err);  /* Get CPU timestamp timer frequency. */
                                     ^
In file included from ../../ucos_bsp_0/ps7_cortexa9_0/include/lib_mem.h:106:0,
                 from ../src/routeur.h:13,
                 from ../src/routeur.c:17:
../../ucos_bsp_0/ps7_cortexa9_0/include/cpu_core.h:556:18: note: expected 'CPU_ERR * {aka enum cpu_err *}' but argument is of type 'OS_ERR * {aka enum os_err *}'
 CPU_TS_TMR_FREQ  CPU_TS_TmrFreqGet        (CPU_ERR          *p_err);
                  ^~~~~~~~~~~~~~~~~
../src/routeur.c:1084:33: warning: passing argument 1 of 'CPU_TS_TmrFreqGet' from incompatible pointer type [-Wincompatible-pointer-types]
     freq_hz = CPU_TS_TmrFreqGet(&err);  /* Get CPU timestamp timer frequency. */
                                 ^
In file included from ../../ucos_bsp_0/ps7_cortexa9_0/include/lib_mem.h:106:0,
                 from ../src/routeur.h:13,
                 from ../src/routeur.c:17:
../../ucos_bsp_0/ps7_cortexa9_0/include/cpu_core.h:556:18: note: expected 'CPU_ERR * {aka enum cpu_err *}' but argument is of type 'OS_ERR * {aka enum os_err *}'
 CPU_TS_TMR_FREQ  CPU_TS_TmrFreqGet        (CPU_ERR          *p_err);
                  ^~~~~~~~~~~~~~~~~
Finished building: ../src/routeur.c
 
Building target: lab1_part2.elf
Invoking: ARM v7 gcc linker
arm-none-eabi-gcc -mcpu=cortex-a9 -mfpu=vfpv3 -mfloat-abi=hard -Wl,-build-id=none -specs=Xilinx.spec -Wl,-T -Wl,../src/lscript.ld -L../../ucos_bsp_0/ps7_cortexa9_0/lib -o "lab1_part2.elf" ./src/Ajout_d_une_fonction_juste_avant_Task_Generate.o ./src/Ajout_de_code_dans_StartUpTask.o ./src/Mise_a_jour_dans_TaskStats.o ./src/interruptions.o ./src/routeur.o   -Wl,--start-group,-lucos,-lgcc,-lc,--end-group -Wl,--start-group,-lxil,-lgcc,-lc,--end-group
Finished building target: lab1_part2.elf
 
Invoking: ARM v7 Print Size
arm-none-eabi-size lab1_part2.elf  |tee "lab1_part2.elf.size"
   text	   data	    bss	    dec	    hex	filename
 139860	   2670	3701888	3844418	 3aa942	lab1_part2.elf
Finished building: lab1_part2.elf.size
 
16:28:02 **** Incremental Build of configuration Debug for project lab1_part2 ****
make pre-build main-build 
a9-linaro-pre-build-step
 
make: Nothing to be done for 'main-build'.
16:29:49 **** Auto Build of configuration Debug for project lab1_part2 ****
make pre-build main-build 
a9-linaro-pre-build-step
 
Building file: ../src/routeur.c
Invoking: ARM v7 gcc compiler
arm-none-eabi-gcc -Wall -O0 -g3 -c -fmessage-length=0 -MT"src/routeur.o" -mcpu=cortex-a9 -mfpu=vfpv3 -mfloat-abi=hard -I../../ucos_bsp_0/ps7_cortexa9_0/include -MMD -MP -MF"src/routeur.d" -MT"src/routeur.o" -o "src/routeur.o" "../src/routeur.c"
../src/routeur.c: In function 'create_tasks':
../src/routeur.c:124:6: warning: unused variable 'i' [-Wunused-variable]
  int i;
      ^
../src/routeur.c: In function 'create_events':
../src/routeur.c:135:6: warning: unused variable 'i' [-Wunused-variable]
  int i;
      ^
../src/routeur.c: In function 'gpio_isr0':
../src/routeur.c:252:12: warning: unused variable 'ts' [-Wunused-variable]
     CPU_TS ts;
            ^~
../src/routeur.c: In function 'TaskGenerate':
../src/routeur.c:318:6: warning: unused variable 'nb_rafales' [-Wunused-variable]
  int nb_rafales = 0;
      ^~~~~~~~~~
../src/routeur.c:315:14: warning: unused variable 'perr' [-Wunused-variable]
  OS_ERR err, perr;
              ^~~~
../src/routeur.c: In function 'TaskReset':
../src/routeur.c:410:12: warning: variable 'flags' set but not used [-Wunused-but-set-variable]
  OS_FLAGS  flags;
            ^~~~~
../src/routeur.c:409:6: warning: unused variable 'i' [-Wunused-variable]
  int i;
      ^
../src/routeur.c:407:9: warning: unused variable 'ts' [-Wunused-variable]
  CPU_TS ts;
         ^~
../src/routeur.c: In function 'TaskStop':
../src/routeur.c:439:12: warning: variable 'flags' set but not used [-Wunused-but-set-variable]
  OS_FLAGS  flags;
            ^~~~~
../src/routeur.c: In function 'computeCRC':
../src/routeur.c:466:9: warning: unused variable 'err' [-Wunused-variable]
  OS_ERR err;
         ^~~
../src/routeur.c:464:15: warning: unused variable 'Nb_of_ticks_in_CRC_init' [-Wunused-variable]
  unsigned int Nb_of_ticks_in_CRC_init = 0;
               ^~~~~~~~~~~~~~~~~~~~~~~
../src/routeur.c:463:15: warning: unused variable 'nb_calls' [-Wunused-variable]
  unsigned int nb_calls = 0;
               ^~~~~~~~
../src/routeur.c: In function 'TaskQueueing':
../src/routeur.c:509:10: warning: unused variable 'actualticks' [-Wunused-variable]
  OS_TICK actualticks = 0;
          ^~~~~~~~~~~
../src/routeur.c:505:14: warning: unused variable 'perr' [-Wunused-variable]
  OS_ERR err, perr;
              ^~~~
../src/routeur.c: In function 'TaskComputing':
../src/routeur.c:596:8: warning: unused variable 'nombre' [-Wunused-variable]
  float nombre;
        ^~~~~~
../src/routeur.c:594:12: warning: unused variable 'info' [-Wunused-variable]
  Info_FIFO info = *(Info_FIFO*)pdata;
            ^~~~
../src/routeur.c: In function 'TaskOutputPort':
../src/routeur.c:787:12: warning: unused variable 'info' [-Wunused-variable]
  Info_Port info = *(Info_Port*)data;
            ^~~~
../src/routeur.c:783:14: warning: unused variable 'perr' [-Wunused-variable]
  OS_ERR err, perr;
              ^~~~
../src/routeur.c: In function 'TaskStats':
../src/routeur.c:825:14: warning: unused variable 'msg_size' [-Wunused-variable]
  OS_MSG_SIZE msg_size;
              ^~~~~~~~
../src/routeur.c:824:10: warning: unused variable 'packet' [-Wunused-variable]
  Packet* packet = NULL;
          ^~~~~~
../src/routeur.c:823:10: warning: unused variable 'actualticks' [-Wunused-variable]
  OS_TICK actualticks;
          ^~~~~~~~~~~
../src/routeur.c:821:14: warning: unused variable 'perr' [-Wunused-variable]
  OS_ERR err, perr;
              ^~~~
../src/routeur.c: In function 'StartupTask':
../src/routeur.c:1072:37: warning: passing argument 1 of 'CPU_TS_TmrFreqGet' from incompatible pointer type [-Wincompatible-pointer-types]
         freq_hz = CPU_TS_TmrFreqGet(&err);  /* Get CPU timestamp timer frequency. */
                                     ^
In file included from ../../ucos_bsp_0/ps7_cortexa9_0/include/lib_mem.h:106:0,
                 from ../src/routeur.h:13,
                 from ../src/routeur.c:17:
../../ucos_bsp_0/ps7_cortexa9_0/include/cpu_core.h:556:18: note: expected 'CPU_ERR * {aka enum cpu_err *}' but argument is of type 'OS_ERR * {aka enum os_err *}'
 CPU_TS_TMR_FREQ  CPU_TS_TmrFreqGet        (CPU_ERR          *p_err);
                  ^~~~~~~~~~~~~~~~~
../src/routeur.c:1084:33: warning: passing argument 1 of 'CPU_TS_TmrFreqGet' from incompatible pointer type [-Wincompatible-pointer-types]
     freq_hz = CPU_TS_TmrFreqGet(&err);  /* Get CPU timestamp timer frequency. */
                                 ^
In file included from ../../ucos_bsp_0/ps7_cortexa9_0/include/lib_mem.h:106:0,
                 from ../src/routeur.h:13,
                 from ../src/routeur.c:17:
../../ucos_bsp_0/ps7_cortexa9_0/include/cpu_core.h:556:18: note: expected 'CPU_ERR * {aka enum cpu_err *}' but argument is of type 'OS_ERR * {aka enum os_err *}'
 CPU_TS_TMR_FREQ  CPU_TS_TmrFreqGet        (CPU_ERR          *p_err);
                  ^~~~~~~~~~~~~~~~~
Finished building: ../src/routeur.c
 
Building target: lab1_part2.elf
Invoking: ARM v7 gcc linker
arm-none-eabi-gcc -mcpu=cortex-a9 -mfpu=vfpv3 -mfloat-abi=hard -Wl,-build-id=none -specs=Xilinx.spec -Wl,-T -Wl,../src/lscript.ld -L../../ucos_bsp_0/ps7_cortexa9_0/lib -o "lab1_part2.elf" ./src/Ajout_d_une_fonction_juste_avant_Task_Generate.o ./src/Ajout_de_code_dans_StartUpTask.o ./src/Mise_a_jour_dans_TaskStats.o ./src/interruptions.o ./src/routeur.o   -Wl,--start-group,-lucos,-lgcc,-lc,--end-group -Wl,--start-group,-lxil,-lgcc,-lc,--end-group
Finished building target: lab1_part2.elf
 
Invoking: ARM v7 Print Size
arm-none-eabi-size lab1_part2.elf  |tee "lab1_part2.elf.size"
   text	   data	    bss	    dec	    hex	filename
 139860	   2670	3701888	3844418	 3aa942	lab1_part2.elf
Finished building: lab1_part2.elf.size
 
16:31:21 **** Auto Build of configuration Debug for project lab1_part2 ****
make pre-build main-build 
a9-linaro-pre-build-step
 
Building file: ../src/routeur.c
Invoking: ARM v7 gcc compiler
arm-none-eabi-gcc -Wall -O0 -g3 -c -fmessage-length=0 -MT"src/routeur.o" -mcpu=cortex-a9 -mfpu=vfpv3 -mfloat-abi=hard -I../../ucos_bsp_0/ps7_cortexa9_0/include -MMD -MP -MF"src/routeur.d" -MT"src/routeur.o" -o "src/routeur.o" "../src/routeur.c"
../src/routeur.c: In function 'create_tasks':
../src/routeur.c:124:6: warning: unused variable 'i' [-Wunused-variable]
  int i;
      ^
../src/routeur.c: In function 'create_events':
../src/routeur.c:135:6: warning: unused variable 'i' [-Wunused-variable]
  int i;
      ^
../src/routeur.c: In function 'gpio_isr0':
../src/routeur.c:252:12: warning: unused variable 'ts' [-Wunused-variable]
     CPU_TS ts;
            ^~
../src/routeur.c: In function 'TaskGenerate':
../src/routeur.c:318:6: warning: unused variable 'nb_rafales' [-Wunused-variable]
  int nb_rafales = 0;
      ^~~~~~~~~~
../src/routeur.c:315:14: warning: unused variable 'perr' [-Wunused-variable]
  OS_ERR err, perr;
              ^~~~
../src/routeur.c: In function 'TaskReset':
../src/routeur.c:410:12: warning: variable 'flags' set but not used [-Wunused-but-set-variable]
  OS_FLAGS  flags;
            ^~~~~
../src/routeur.c:409:6: warning: unused variable 'i' [-Wunused-variable]
  int i;
      ^
../src/routeur.c:407:9: warning: unused variable 'ts' [-Wunused-variable]
  CPU_TS ts;
         ^~
../src/routeur.c: In function 'TaskStop':
../src/routeur.c:439:12: warning: variable 'flags' set but not used [-Wunused-but-set-variable]
  OS_FLAGS  flags;
            ^~~~~
../src/routeur.c: In function 'computeCRC':
../src/routeur.c:466:9: warning: unused variable 'err' [-Wunused-variable]
  OS_ERR err;
         ^~~
../src/routeur.c:464:15: warning: unused variable 'Nb_of_ticks_in_CRC_init' [-Wunused-variable]
  unsigned int Nb_of_ticks_in_CRC_init = 0;
               ^~~~~~~~~~~~~~~~~~~~~~~
../src/routeur.c:463:15: warning: unused variable 'nb_calls' [-Wunused-variable]
  unsigned int nb_calls = 0;
               ^~~~~~~~
../src/routeur.c: In function 'TaskQueueing':
../src/routeur.c:509:10: warning: unused variable 'actualticks' [-Wunused-variable]
  OS_TICK actualticks = 0;
          ^~~~~~~~~~~
../src/routeur.c:505:14: warning: unused variable 'perr' [-Wunused-variable]
  OS_ERR err, perr;
              ^~~~
../src/routeur.c: In function 'TaskComputing':
../src/routeur.c:596:8: warning: unused variable 'nombre' [-Wunused-variable]
  float nombre;
        ^~~~~~
../src/routeur.c:594:12: warning: unused variable 'info' [-Wunused-variable]
  Info_FIFO info = *(Info_FIFO*)pdata;
            ^~~~
../src/routeur.c: In function 'TaskOutputPort':
../src/routeur.c:787:12: warning: unused variable 'info' [-Wunused-variable]
  Info_Port info = *(Info_Port*)data;
            ^~~~
../src/routeur.c:783:14: warning: unused variable 'perr' [-Wunused-variable]
  OS_ERR err, perr;
              ^~~~
../src/routeur.c: In function 'TaskStats':
../src/routeur.c:825:14: warning: unused variable 'msg_size' [-Wunused-variable]
  OS_MSG_SIZE msg_size;
              ^~~~~~~~
../src/routeur.c:824:10: warning: unused variable 'packet' [-Wunused-variable]
  Packet* packet = NULL;
          ^~~~~~
../src/routeur.c:823:10: warning: unused variable 'actualticks' [-Wunused-variable]
  OS_TICK actualticks;
          ^~~~~~~~~~~
../src/routeur.c:821:14: warning: unused variable 'perr' [-Wunused-variable]
  OS_ERR err, perr;
              ^~~~
../src/routeur.c: In function 'StartupTask':
../src/routeur.c:1072:37: warning: passing argument 1 of 'CPU_TS_TmrFreqGet' from incompatible pointer type [-Wincompatible-pointer-types]
         freq_hz = CPU_TS_TmrFreqGet(&err);  /* Get CPU timestamp timer frequency. */
                                     ^
In file included from ../../ucos_bsp_0/ps7_cortexa9_0/include/lib_mem.h:106:0,
                 from ../src/routeur.h:13,
                 from ../src/routeur.c:17:
../../ucos_bsp_0/ps7_cortexa9_0/include/cpu_core.h:556:18: note: expected 'CPU_ERR * {aka enum cpu_err *}' but argument is of type 'OS_ERR * {aka enum os_err *}'
 CPU_TS_TMR_FREQ  CPU_TS_TmrFreqGet        (CPU_ERR          *p_err);
                  ^~~~~~~~~~~~~~~~~
../src/routeur.c:1084:33: warning: passing argument 1 of 'CPU_TS_TmrFreqGet' from incompatible pointer type [-Wincompatible-pointer-types]
     freq_hz = CPU_TS_TmrFreqGet(&err);  /* Get CPU timestamp timer frequency. */
                                 ^
In file included from ../../ucos_bsp_0/ps7_cortexa9_0/include/lib_mem.h:106:0,
                 from ../src/routeur.h:13,
                 from ../src/routeur.c:17:
../../ucos_bsp_0/ps7_cortexa9_0/include/cpu_core.h:556:18: note: expected 'CPU_ERR * {aka enum cpu_err *}' but argument is of type 'OS_ERR * {aka enum os_err *}'
 CPU_TS_TMR_FREQ  CPU_TS_TmrFreqGet        (CPU_ERR          *p_err);
                  ^~~~~~~~~~~~~~~~~
Finished building: ../src/routeur.c
 
Building target: lab1_part2.elf
Invoking: ARM v7 gcc linker
arm-none-eabi-gcc -mcpu=cortex-a9 -mfpu=vfpv3 -mfloat-abi=hard -Wl,-build-id=none -specs=Xilinx.spec -Wl,-T -Wl,../src/lscript.ld -L../../ucos_bsp_0/ps7_cortexa9_0/lib -o "lab1_part2.elf" ./src/Ajout_d_une_fonction_juste_avant_Task_Generate.o ./src/Ajout_de_code_dans_StartUpTask.o ./src/Mise_a_jour_dans_TaskStats.o ./src/interruptions.o ./src/routeur.o   -Wl,--start-group,-lucos,-lgcc,-lc,--end-group -Wl,--start-group,-lxil,-lgcc,-lc,--end-group
Finished building target: lab1_part2.elf
 
Invoking: ARM v7 Print Size
arm-none-eabi-size lab1_part2.elf  |tee "lab1_part2.elf.size"
   text	   data	    bss	    dec	    hex	filename
 139860	   2670	3701888	3844418	 3aa942	lab1_part2.elf
Finished building: lab1_part2.elf.size
 
16:31:23 **** Incremental Build of configuration Debug for project lab1_part2 ****
make pre-build main-build 
a9-linaro-pre-build-step
 
make: Nothing to be done for 'main-build'.
16:33:18 **** Auto Build of configuration Debug for project lab1_part2 ****
make pre-build main-build 
a9-linaro-pre-build-step
 
Building file: ../src/routeur.c
Invoking: ARM v7 gcc compiler
arm-none-eabi-gcc -Wall -O0 -g3 -c -fmessage-length=0 -MT"src/routeur.o" -mcpu=cortex-a9 -mfpu=vfpv3 -mfloat-abi=hard -I../../ucos_bsp_0/ps7_cortexa9_0/include -MMD -MP -MF"src/routeur.d" -MT"src/routeur.o" -o "src/routeur.o" "../src/routeur.c"
../src/routeur.c: In function 'create_tasks':
../src/routeur.c:124:6: warning: unused variable 'i' [-Wunused-variable]
  int i;
      ^
[...]
  Info_FIFO info = *(Info_FIFO*)pdata;
            ^~~~
../src/routeur.c: In function 'TaskOutputPort':
../src/routeur.c:794:12: warning: unused variable 'info' [-Wunused-variable]
  Info_Port info = *(Info_Port*)data;
            ^~~~
../src/routeur.c:790:14: warning: unused variable 'perr' [-Wunused-variable]
  OS_ERR err, perr;
              ^~~~
../src/routeur.c: In function 'TaskStats':
../src/routeur.c:832:14: warning: unused variable 'msg_size' [-Wunused-variable]
  OS_MSG_SIZE msg_size;
              ^~~~~~~~
../src/routeur.c:831:10: warning: unused variable 'packet' [-Wunused-variable]
  Packet* packet = NULL;
          ^~~~~~
../src/routeur.c:830:10: warning: unused variable 'actualticks' [-Wunused-variable]
  OS_TICK actualticks;
          ^~~~~~~~~~~
../src/routeur.c:828:14: warning: unused variable 'perr' [-Wunused-variable]
  OS_ERR err, perr;
              ^~~~
../src/routeur.c: In function 'StartupTask':
../src/routeur.c:1079:37: warning: passing argument 1 of 'CPU_TS_TmrFreqGet' from incompatible pointer type [-Wincompatible-pointer-types]
         freq_hz = CPU_TS_TmrFreqGet(&err);  /* Get CPU timestamp timer frequency. */
                                     ^
In file included from ../../ucos_bsp_0/ps7_cortexa9_0/include/lib_mem.h:106:0,
                 from ../src/routeur.h:13,
                 from ../src/routeur.c:17:
../../ucos_bsp_0/ps7_cortexa9_0/include/cpu_core.h:556:18: note: expected 'CPU_ERR * {aka enum cpu_err *}' but argument is of type 'OS_ERR * {aka enum os_err *}'
 CPU_TS_TMR_FREQ  CPU_TS_TmrFreqGet        (CPU_ERR          *p_err);
                  ^~~~~~~~~~~~~~~~~
../src/routeur.c:1091:33: warning: passing argument 1 of 'CPU_TS_TmrFreqGet' from incompatible pointer type [-Wincompatible-pointer-types]
     freq_hz = CPU_TS_TmrFreqGet(&err);  /* Get CPU timestamp timer frequency. */
                                 ^
In file included from ../../ucos_bsp_0/ps7_cortexa9_0/include/lib_mem.h:106:0,
                 from ../src/routeur.h:13,
                 from ../src/routeur.c:17:
../../ucos_bsp_0/ps7_cortexa9_0/include/cpu_core.h:556:18: note: expected 'CPU_ERR * {aka enum cpu_err *}' but argument is of type 'OS_ERR * {aka enum os_err *}'
 CPU_TS_TMR_FREQ  CPU_TS_TmrFreqGet        (CPU_ERR          *p_err);
                  ^~~~~~~~~~~~~~~~~
make: *** [src/subdir.mk:35: src/routeur.o] Error 1
18:08:39 **** Auto Build of configuration Debug for project lab1_part2 ****
make pre-build main-build 
a9-linaro-pre-build-step
 
Building file: ../src/routeur.c
Invoking: ARM v7 gcc compiler
arm-none-eabi-gcc -Wall -O0 -g3 -c -fmessage-length=0 -MT"src/routeur.o" -mcpu=cortex-a9 -mfpu=vfpv3 -mfloat-abi=hard -I../../ucos_bsp_0/ps7_cortexa9_0/include -MMD -MP -MF"src/routeur.d" -MT"src/routeur.o" -o "src/routeur.o" "../src/routeur.c"
../src/routeur.c: In function 'create_tasks':
../src/routeur.c:124:6: warning: unused variable 'i' [-Wunused-variable]
  int i;
      ^
../src/routeur.c: In function 'create_events':
../src/routeur.c:135:6: warning: unused variable 'i' [-Wunused-variable]
  int i;
      ^
../src/routeur.c: In function 'gpio_isr0':
../src/routeur.c:224:12: warning: unused variable 'ts' [-Wunused-variable]
     CPU_TS ts;
            ^~
../src/routeur.c: In function 'fit_timer_isr':
../src/routeur.c:266:12: warning: unused variable 'ts' [-Wunused-variable]
     CPU_TS ts;
            ^~
../src/routeur.c: In function 'TaskGenerate':
../src/routeur.c:301:6: warning: unused variable 'nb_rafales' [-Wunused-variable]
  int nb_rafales = 0;
      ^~~~~~~~~~
../src/routeur.c:298:14: warning: unused variable 'perr' [-Wunused-variable]
  OS_ERR err, perr;
              ^~~~
../src/routeur.c: In function 'TaskReset':
../src/routeur.c:393:12: warning: variable 'flags' set but not used [-Wunused-but-set-variable]
  OS_FLAGS  flags;
            ^~~~~
../src/routeur.c:392:6: warning: unused variable 'i' [-Wunused-variable]
  int i;
      ^
../src/routeur.c: In function 'TaskStop':
../src/routeur.c:421:12: warning: variable 'flags' set but not used [-Wunused-but-set-variable]
  OS_FLAGS  flags;
            ^~~~~
../src/routeur.c: In function 'computeCRC':
../src/routeur.c:474:9: warning: unused variable 'err' [-Wunused-variable]
  OS_ERR err;
         ^~~
../src/routeur.c:472:15: warning: unused variable 'Nb_of_ticks_in_CRC_init' [-Wunused-variable]
  unsigned int Nb_of_ticks_in_CRC_init = 0;
               ^~~~~~~~~~~~~~~~~~~~~~~
../src/routeur.c:471:15: warning: unused variable 'nb_calls' [-Wunused-variable]
  unsigned int nb_calls = 0;
               ^~~~~~~~
../src/routeur.c: In function 'TaskQueueing':
../src/routeur.c:517:10: warning: unused variable 'actualticks' [-Wunused-variable]
  OS_TICK actualticks = 0;
          ^~~~~~~~~~~
../src/routeur.c:513:14: warning: unused variable 'perr' [-Wunused-variable]
  OS_ERR err, perr;
              ^~~~
../src/routeur.c: In function 'TaskComputing':
../src/routeur.c:603:8: warning: unused variable 'nombre' [-Wunused-variable]
  float nombre;
        ^~~~~~
../src/routeur.c:601:12: warning: unused variable 'info' [-Wunused-variable]
  Info_FIFO info = *(Info_FIFO*)pdata;
            ^~~~
../src/routeur.c: In function 'TaskOutputPort':
../src/routeur.c:794:12: warning: unused variable 'info' [-Wunused-variable]
  Info_Port info = *(Info_Port*)data;
            ^~~~
../src/routeur.c:790:14: warning: unused variable 'perr' [-Wunused-variable]
  OS_ERR err, perr;
              ^~~~
../src/routeur.c: In function 'TaskStats':
../src/routeur.c:832:14: warning: unused variable 'msg_size' [-Wunused-variable]
  OS_MSG_SIZE msg_size;
              ^~~~~~~~
../src/routeur.c:831:10: warning: unused variable 'packet' [-Wunused-variable]
  Packet* packet = NULL;
          ^~~~~~
../src/routeur.c:830:10: warning: unused variable 'actualticks' [-Wunused-variable]
  OS_TICK actualticks;
          ^~~~~~~~~~~
../src/routeur.c:828:14: warning: unused variable 'perr' [-Wunused-variable]
  OS_ERR err, perr;
              ^~~~
../src/routeur.c: In function 'StartupTask':
../src/routeur.c:1079:37: warning: passing argument 1 of 'CPU_TS_TmrFreqGet' from incompatible pointer type [-Wincompatible-pointer-types]
         freq_hz = CPU_TS_TmrFreqGet(&err);  /* Get CPU timestamp timer frequency. */
                                     ^
In file included from ../../ucos_bsp_0/ps7_cortexa9_0/include/lib_mem.h:106:0,
                 from ../src/routeur.h:13,
                 from ../src/routeur.c:17:
../../ucos_bsp_0/ps7_cortexa9_0/include/cpu_core.h:556:18: note: expected 'CPU_ERR * {aka enum cpu_err *}' but argument is of type 'OS_ERR * {aka enum os_err *}'
 CPU_TS_TMR_FREQ  CPU_TS_TmrFreqGet        (CPU_ERR          *p_err);
                  ^~~~~~~~~~~~~~~~~
../src/routeur.c:1091:33: warning: passing argument 1 of 'CPU_TS_TmrFreqGet' from incompatible pointer type [-Wincompatible-pointer-types]
     freq_hz = CPU_TS_TmrFreqGet(&err);  /* Get CPU timestamp timer frequency. */
                                 ^
In file included from ../../ucos_bsp_0/ps7_cortexa9_0/include/lib_mem.h:106:0,
                 from ../src/routeur.h:13,
                 from ../src/routeur.c:17:
../../ucos_bsp_0/ps7_cortexa9_0/include/cpu_core.h:556:18: note: expected 'CPU_ERR * {aka enum cpu_err *}' but argument is of type 'OS_ERR * {aka enum os_err *}'
 CPU_TS_TMR_FREQ  CPU_TS_TmrFreqGet        (CPU_ERR          *p_err);
                  ^~~~~~~~~~~~~~~~~
Finished building: ../src/routeur.c
 
Building target: lab1_part2.elf
Invoking: ARM v7 gcc linker
arm-none-eabi-gcc -mcpu=cortex-a9 -mfpu=vfpv3 -mfloat-abi=hard -Wl,-build-id=none -specs=Xilinx.spec -Wl,-T -Wl,../src/lscript.ld -L../../ucos_bsp_0/ps7_cortexa9_0/lib -o "lab1_part2.elf" ./src/Ajout_d_une_fonction_juste_avant_Task_Generate.o ./src/Ajout_de_code_dans_StartUpTask.o ./src/Mise_a_jour_dans_TaskStats.o ./src/interruptions.o ./src/routeur.o   -Wl,--start-group,-lucos,-lgcc,-lc,--end-group -Wl,--start-group,-lxil,-lgcc,-lc,--end-group
Finished building target: lab1_part2.elf
 
Invoking: ARM v7 Print Size
arm-none-eabi-size lab1_part2.elf  |tee "lab1_part2.elf.size"
   text	   data	    bss	    dec	    hex	filename
 140452	   2670	3701888	3845010	 3aab92	lab1_part2.elf
Finished building: lab1_part2.elf.size
 
18:08:52 **** Auto Build of configuration Debug for project lab1_part2 ****
make pre-build main-build 
a9-linaro-pre-build-step
 
Building file: ../src/routeur.c
Invoking: ARM v7 gcc compiler
arm-none-eabi-gcc -Wall -O0 -g3 -c -fmessage-length=0 -MT"src/routeur.o" -mcpu=cortex-a9 -mfpu=vfpv3 -mfloat-abi=hard -I../../ucos_bsp_0/ps7_cortexa9_0/include -MMD -MP -MF"src/routeur.d" -MT"src/routeur.o" -o "src/routeur.o" "../src/routeur.c"
../src/routeur.c: In function 'create_tasks':
../src/routeur.c:124:6: warning: unused variable 'i' [-Wunused-variable]
  int i;
      ^
../src/routeur.c: In function 'create_events':
../src/routeur.c:135:6: warning: unused variable 'i' [-Wunused-variable]
  int i;
      ^
../src/routeur.c: In function 'gpio_isr0':
../src/routeur.c:224:12: warning: unused variable 'ts' [-Wunused-variable]
     CPU_TS ts;
            ^~
../src/routeur.c: In function 'fit_timer_isr':
../src/routeur.c:266:12: warning: unused variable 'ts' [-Wunused-variable]
     CPU_TS ts;
            ^~
../src/routeur.c: In function 'TaskGenerate':
../src/routeur.c:303:6: warning: unused variable 'nb_rafales' [-Wunused-variable]
  int nb_rafales = 0;
      ^~~~~~~~~~
../src/routeur.c:300:14: warning: unused variable 'perr' [-Wunused-variable]
  OS_ERR err, perr;
              ^~~~
../src/routeur.c: In function 'TaskReset':
../src/routeur.c:395:12: warning: variable 'flags' set but not used [-Wunused-but-set-variable]
  OS_FLAGS  flags;
            ^~~~~
../src/routeur.c:394:6: warning: unused variable 'i' [-Wunused-variable]
  int i;
      ^
../src/routeur.c: In function 'TaskStop':
../src/routeur.c:423:12: warning: variable 'flags' set but not used [-Wunused-but-set-variable]
  OS_FLAGS  flags;
            ^~~~~
../src/routeur.c: In function 'computeCRC':
../src/routeur.c:476:9: warning: unused variable 'err' [-Wunused-variable]
  OS_ERR err;
         ^~~
../src/routeur.c:474:15: warning: unused variable 'Nb_of_ticks_in_CRC_init' [-Wunused-variable]
  unsigned int Nb_of_ticks_in_CRC_init = 0;
               ^~~~~~~~~~~~~~~~~~~~~~~
../src/routeur.c:473:15: warning: unused variable 'nb_calls' [-Wunused-variable]
  unsigned int nb_calls = 0;
               ^~~~~~~~
../src/routeur.c: In function 'TaskQueueing':
../src/routeur.c:519:10: warning: unused variable 'actualticks' [-Wunused-variable]
  OS_TICK actualticks = 0;
          ^~~~~~~~~~~
../src/routeur.c:515:14: warning: unused variable 'perr' [-Wunused-variable]
  OS_ERR err, perr;
              ^~~~
../src/routeur.c: In function 'TaskComputing':
../src/routeur.c:605:8: warning: unused variable 'nombre' [-Wunused-variable]
  float nombre;
        ^~~~~~
../src/routeur.c:603:12: warning: unused variable 'info' [-Wunused-variable]
  Info_FIFO info = *(Info_FIFO*)pdata;
            ^~~~
../src/routeur.c: In function 'TaskOutputPort':
../src/routeur.c:796:12: warning: unused variable 'info' [-Wunused-variable]
  Info_Port info = *(Info_Port*)data;
            ^~~~
../src/routeur.c:792:14: warning: unused variable 'perr' [-Wunused-variable]
  OS_ERR err, perr;
              ^~~~
../src/routeur.c: In function 'TaskStats':
../src/routeur.c:834:14: warning: unused variable 'msg_size' [-Wunused-variable]
  OS_MSG_SIZE msg_size;
              ^~~~~~~~
../src/routeur.c:833:10: warning: unused variable 'packet' [-Wunused-variable]
  Packet* packet = NULL;
          ^~~~~~
../src/routeur.c:832:10: warning: unused variable 'actualticks' [-Wunused-variable]
  OS_TICK actualticks;
          ^~~~~~~~~~~
../src/routeur.c:830:14: warning: unused variable 'perr' [-Wunused-variable]
  OS_ERR err, perr;
              ^~~~
../src/routeur.c: In function 'StartupTask':
../src/routeur.c:1081:37: warning: passing argument 1 of 'CPU_TS_TmrFreqGet' from incompatible pointer type [-Wincompatible-pointer-types]
         freq_hz = CPU_TS_TmrFreqGet(&err);  /* Get CPU timestamp timer frequency. */
                                     ^
In file included from ../../ucos_bsp_0/ps7_cortexa9_0/include/lib_mem.h:106:0,
                 from ../src/routeur.h:13,
                 from ../src/routeur.c:17:
../../ucos_bsp_0/ps7_cortexa9_0/include/cpu_core.h:556:18: note: expected 'CPU_ERR * {aka enum cpu_err *}' but argument is of type 'OS_ERR * {aka enum os_err *}'
 CPU_TS_TMR_FREQ  CPU_TS_TmrFreqGet        (CPU_ERR          *p_err);
                  ^~~~~~~~~~~~~~~~~
../src/routeur.c:1093:33: warning: passing argument 1 of 'CPU_TS_TmrFreqGet' from incompatible pointer type [-Wincompatible-pointer-types]
     freq_hz = CPU_TS_TmrFreqGet(&err);  /* Get CPU timestamp timer frequency. */
                                 ^
In file included from ../../ucos_bsp_0/ps7_cortexa9_0/include/lib_mem.h:106:0,
                 from ../src/routeur.h:13,
                 from ../src/routeur.c:17:
../../ucos_bsp_0/ps7_cortexa9_0/include/cpu_core.h:556:18: note: expected 'CPU_ERR * {aka enum cpu_err *}' but argument is of type 'OS_ERR * {aka enum os_err *}'
 CPU_TS_TMR_FREQ  CPU_TS_TmrFreqGet        (CPU_ERR          *p_err);
                  ^~~~~~~~~~~~~~~~~
Finished building: ../src/routeur.c
 
Building target: lab1_part2.elf
Invoking: ARM v7 gcc linker
arm-none-eabi-gcc -mcpu=cortex-a9 -mfpu=vfpv3 -mfloat-abi=hard -Wl,-build-id=none -specs=Xilinx.spec -Wl,-T -Wl,../src/lscript.ld -L../../ucos_bsp_0/ps7_cortexa9_0/lib -o "lab1_part2.elf" ./src/Ajout_d_une_fonction_juste_avant_Task_Generate.o ./src/Ajout_de_code_dans_StartUpTask.o ./src/Mise_a_jour_dans_TaskStats.o ./src/interruptions.o ./src/routeur.o   -Wl,--start-group,-lucos,-lgcc,-lc,--end-group -Wl,--start-group,-lxil,-lgcc,-lc,--end-group
Finished building target: lab1_part2.elf
 
Invoking: ARM v7 Print Size
arm-none-eabi-size lab1_part2.elf  |tee "lab1_part2.elf.size"
   text	   data	    bss	    dec	    hex	filename
 140452	   2670	3701888	3845010	 3aab92	lab1_part2.elf
Finished building: lab1_part2.elf.size
 
18:08:54 **** Auto Build of configuration Debug for project lab1_part2 ****
make pre-build main-build 
a9-linaro-pre-build-step
 
Building file: ../src/routeur.c
Invoking: ARM v7 gcc compiler
arm-none-eabi-gcc -Wall -O0 -g3 -c -fmessage-length=0 -MT"src/routeur.o" -mcpu=cortex-a9 -mfpu=vfpv3 -mfloat-abi=hard -I../../ucos_bsp_0/ps7_cortexa9_0/include -MMD -MP -MF"src/routeur.d" -MT"src/routeur.o" -o "src/routeur.o" "../src/routeur.c"
../src/routeur.c: In function 'create_tasks':
../src/routeur.c:124:6: warning: unused variable 'i' [-Wunused-variable]
  int i;
      ^
../src/routeur.c: In function 'create_events':
../src/routeur.c:135:6: warning: unused variable 'i' [-Wunused-variable]
  int i;
      ^
../src/routeur.c: In function 'gpio_isr0':
../src/routeur.c:224:12: warning: unused variable 'ts' [-Wunused-variable]
     CPU_TS ts;
            ^~
../src/routeur.c: In function 'fit_timer_isr':
../src/routeur.c:266:12: warning: unused variable 'ts' [-Wunused-variable]
     CPU_TS ts;
            ^~
../src/routeur.c: In function 'TaskGenerate':
../src/routeur.c:303:6: warning: unused variable 'nb_rafales' [-Wunused-variable]
  int nb_rafales = 0;
      ^~~~~~~~~~
../src/routeur.c:300:14: warning: unused variable 'perr' [-Wunused-variable]
  OS_ERR err, perr;
              ^~~~
../src/routeur.c: In function 'TaskReset':
../src/routeur.c:395:12: warning: variable 'flags' set but not used [-Wunused-but-set-variable]
  OS_FLAGS  flags;
            ^~~~~
../src/routeur.c:394:6: warning: unused variable 'i' [-Wunused-variable]
  int i;
      ^
../src/routeur.c: In function 'TaskStop':
../src/routeur.c:423:12: warning: variable 'flags' set but not used [-Wunused-but-set-variable]
  OS_FLAGS  flags;
            ^~~~~
../src/routeur.c: In function 'computeCRC':
../src/routeur.c:476:9: warning: unused variable 'err' [-Wunused-variable]
  OS_ERR err;
         ^~~
../src/routeur.c:474:15: warning: unused variable 'Nb_of_ticks_in_CRC_init' [-Wunused-variable]
  unsigned int Nb_of_ticks_in_CRC_init = 0;
               ^~~~~~~~~~~~~~~~~~~~~~~
../src/routeur.c:473:15: warning: unused variable 'nb_calls' [-Wunused-variable]
  unsigned int nb_calls = 0;
               ^~~~~~~~
../src/routeur.c: In function 'TaskQueueing':
../src/routeur.c:519:10: warning: unused variable 'actualticks' [-Wunused-variable]
  OS_TICK actualticks = 0;
          ^~~~~~~~~~~
../src/routeur.c:515:14: warning: unused variable 'perr' [-Wunused-variable]
  OS_ERR err, perr;
              ^~~~
../src/routeur.c: In function 'TaskComputing':
../src/routeur.c:605:8: warning: unused variable 'nombre' [-Wunused-variable]
  float nombre;
        ^~~~~~
../src/routeur.c:603:12: warning: unused variable 'info' [-Wunused-variable]
  Info_FIFO info = *(Info_FIFO*)pdata;
            ^~~~
../src/routeur.c: In function 'TaskOutputPort':
../src/routeur.c:796:12: warning: unused variable 'info' [-Wunused-variable]
  Info_Port info = *(Info_Port*)data;
            ^~~~
../src/routeur.c:792:14: warning: unused variable 'perr' [-Wunused-variable]
  OS_ERR err, perr;
              ^~~~
../src/routeur.c: In function 'TaskStats':
../src/routeur.c:834:14: warning: unused variable 'msg_size' [-Wunused-variable]
  OS_MSG_SIZE msg_size;
              ^~~~~~~~
../src/routeur.c:833:10: warning: unused variable 'packet' [-Wunused-variable]
  Packet* packet = NULL;
          ^~~~~~
../src/routeur.c:832:10: warning: unused variable 'actualticks' [-Wunused-variable]
  OS_TICK actualticks;
          ^~~~~~~~~~~
../src/routeur.c:830:14: warning: unused variable 'perr' [-Wunused-variable]
  OS_ERR err, perr;
              ^~~~
../src/routeur.c: In function 'StartupTask':
../src/routeur.c:1081:37: warning: passing argument 1 of 'CPU_TS_TmrFreqGet' from incompatible pointer type [-Wincompatible-pointer-types]
         freq_hz = CPU_TS_TmrFreqGet(&err);  /* Get CPU timestamp timer frequency. */
                                     ^
In file included from ../../ucos_bsp_0/ps7_cortexa9_0/include/lib_mem.h:106:0,
                 from ../src/routeur.h:13,
                 from ../src/routeur.c:17:
../../ucos_bsp_0/ps7_cortexa9_0/include/cpu_core.h:556:18: note: expected 'CPU_ERR * {aka enum cpu_err *}' but argument is of type 'OS_ERR * {aka enum os_err *}'
 CPU_TS_TMR_FREQ  CPU_TS_TmrFreqGet        (CPU_ERR          *p_err);
                  ^~~~~~~~~~~~~~~~~
../src/routeur.c:1093:33: warning: passing argument 1 of 'CPU_TS_TmrFreqGet' from incompatible pointer type [-Wincompatible-pointer-types]
     freq_hz = CPU_TS_TmrFreqGet(&err);  /* Get CPU timestamp timer frequency. */
                                 ^
In file included from ../../ucos_bsp_0/ps7_cortexa9_0/include/lib_mem.h:106:0,
                 from ../src/routeur.h:13,
                 from ../src/routeur.c:17:
../../ucos_bsp_0/ps7_cortexa9_0/include/cpu_core.h:556:18: note: expected 'CPU_ERR * {aka enum cpu_err *}' but argument is of type 'OS_ERR * {aka enum os_err *}'
 CPU_TS_TMR_FREQ  CPU_TS_TmrFreqGet        (CPU_ERR          *p_err);
                  ^~~~~~~~~~~~~~~~~
Finished building: ../src/routeur.c
 
Building target: lab1_part2.elf
Invoking: ARM v7 gcc linker
arm-none-eabi-gcc -mcpu=cortex-a9 -mfpu=vfpv3 -mfloat-abi=hard -Wl,-build-id=none -specs=Xilinx.spec -Wl,-T -Wl,../src/lscript.ld -L../../ucos_bsp_0/ps7_cortexa9_0/lib -o "lab1_part2.elf" ./src/Ajout_d_une_fonction_juste_avant_Task_Generate.o ./src/Ajout_de_code_dans_StartUpTask.o ./src/Mise_a_jour_dans_TaskStats.o ./src/interruptions.o ./src/routeur.o   -Wl,--start-group,-lucos,-lgcc,-lc,--end-group -Wl,--start-group,-lxil,-lgcc,-lc,--end-group
Finished building target: lab1_part2.elf
 
Invoking: ARM v7 Print Size
arm-none-eabi-size lab1_part2.elf  |tee "lab1_part2.elf.size"
   text	   data	    bss	    dec	    hex	filename
 140452	   2670	3701888	3845010	 3aab92	lab1_part2.elf
Finished building: lab1_part2.elf.size
 
